Component: ARM Compiler 5.06 update 6 (build 750) Tool: armlink [4d35ed]

==============================================================================

Section Cross References

    startup_stm32f103xb.o(RESET) refers to startup_stm32f103xb.o(STACK) for __initial_sp
    startup_stm32f103xb.o(RESET) refers to startup_stm32f103xb.o(.text) for Reset_Handler
    startup_stm32f103xb.o(RESET) refers to stm32f1xx_it.o(i.NMI_Handler) for NMI_Handler
    startup_stm32f103xb.o(RESET) refers to stm32f1xx_it.o(i.HardFault_Handler) for HardFault_Handler
    startup_stm32f103xb.o(RESET) refers to stm32f1xx_it.o(i.MemManage_Handler) for MemManage_Handler
    startup_stm32f103xb.o(RESET) refers to stm32f1xx_it.o(i.BusFault_Handler) for BusFault_Handler
    startup_stm32f103xb.o(RESET) refers to stm32f1xx_it.o(i.UsageFault_Handler) for UsageFault_Handler
    startup_stm32f103xb.o(RESET) refers to stm32f1xx_it.o(i.SVC_Handler) for SVC_Handler
    startup_stm32f103xb.o(RESET) refers to stm32f1xx_it.o(i.DebugMon_Handler) for DebugMon_Handler
    startup_stm32f103xb.o(RESET) refers to stm32f1xx_it.o(i.PendSV_Handler) for PendSV_Handler
    startup_stm32f103xb.o(RESET) refers to stm32f1xx_it.o(i.SysTick_Handler) for SysTick_Handler
    startup_stm32f103xb.o(RESET) refers to stm32f1xx_it.o(i.EXTI2_IRQHandler) for EXTI2_IRQHandler
    startup_stm32f103xb.o(RESET) refers to stm32f1xx_it.o(i.TIM1_CC_IRQHandler) for TIM1_CC_IRQHandler
    startup_stm32f103xb.o(.text) refers to system_stm32f1xx.o(i.SystemInit) for SystemInit
    startup_stm32f103xb.o(.text) refers to entry.o(.ARM.Collect$$$$00000000) for __main
    sx1278.o(i.SX1278_LoRaEntryRx) refers to sx1278.o(i.SX1278_defaultConfig) for SX1278_defaultConfig
    sx1278.o(i.SX1278_LoRaEntryRx) refers to sx1278.o(i.SX1278_SPIWrite) for SX1278_SPIWrite
    sx1278.o(i.SX1278_LoRaEntryRx) refers to sx1278.o(i.SX1278_clearLoRaIrq) for SX1278_clearLoRaIrq
    sx1278.o(i.SX1278_LoRaEntryRx) refers to sx1278.o(i.SX1278_SPIRead) for SX1278_SPIRead
    sx1278.o(i.SX1278_LoRaEntryRx) refers to sx1278.o(i.SX1278_hw_DelayMs) for SX1278_hw_DelayMs
    sx1278.o(i.SX1278_LoRaEntryRx) refers to sx1278.o(i.SX1278_hw_Reset) for SX1278_hw_Reset
    sx1278.o(i.SX1278_LoRaEntryTx) refers to sx1278.o(i.SX1278_defaultConfig) for SX1278_defaultConfig
    sx1278.o(i.SX1278_LoRaEntryTx) refers to sx1278.o(i.SX1278_SPIWrite) for SX1278_SPIWrite
    sx1278.o(i.SX1278_LoRaEntryTx) refers to sx1278.o(i.SX1278_clearLoRaIrq) for SX1278_clearLoRaIrq
    sx1278.o(i.SX1278_LoRaEntryTx) refers to sx1278.o(i.SX1278_SPIRead) for SX1278_SPIRead
    sx1278.o(i.SX1278_LoRaEntryTx) refers to sx1278.o(i.SX1278_hw_Reset) for SX1278_hw_Reset
    sx1278.o(i.SX1278_LoRaRxPacket) refers to memseta.o(.text) for __aeabi_memclr
    sx1278.o(i.SX1278_LoRaRxPacket) refers to sx1278.o(i.SX1278_SPIRead) for SX1278_SPIRead
    sx1278.o(i.SX1278_LoRaRxPacket) refers to sx1278.o(i.SX1278_SPIWrite) for SX1278_SPIWrite
    sx1278.o(i.SX1278_LoRaRxPacket) refers to sx1278.o(i.SX1278_SPIBurstRead) for SX1278_SPIBurstRead
    sx1278.o(i.SX1278_LoRaRxPacket) refers to sx1278.o(i.SX1278_clearLoRaIrq) for SX1278_clearLoRaIrq
    sx1278.o(i.SX1278_LoRaTxPacket) refers to sx1278.o(i.SX1278_SPIBurstWrite) for SX1278_SPIBurstWrite
    sx1278.o(i.SX1278_LoRaTxPacket) refers to sx1278.o(i.SX1278_SPIWrite) for SX1278_SPIWrite
    sx1278.o(i.SX1278_LoRaTxPacket) refers to sx1278.o(i.SX1278_hw_GetDIO0) for SX1278_hw_GetDIO0
    sx1278.o(i.SX1278_LoRaTxPacket) refers to sx1278.o(i.SX1278_SPIRead) for SX1278_SPIRead
    sx1278.o(i.SX1278_LoRaTxPacket) refers to sx1278.o(i.SX1278_clearLoRaIrq) for SX1278_clearLoRaIrq
    sx1278.o(i.SX1278_LoRaTxPacket) refers to sx1278.o(i.SX1278_standby) for SX1278_standby
    sx1278.o(i.SX1278_LoRaTxPacket) refers to sx1278.o(i.SX1278_hw_DelayMs) for SX1278_hw_DelayMs
    sx1278.o(i.SX1278_LoRaTxPacket) refers to sx1278.o(i.SX1278_hw_Reset) for SX1278_hw_Reset
    sx1278.o(i.SX1278_LoRaTxPacket) refers to sx1278.o(i.SX1278_defaultConfig) for SX1278_defaultConfig
    sx1278.o(i.SX1278_RSSI) refers to sx1278.o(i.SX1278_SPIRead) for SX1278_SPIRead
    sx1278.o(i.SX1278_RSSI_LoRa) refers to sx1278.o(i.SX1278_SPIRead) for SX1278_SPIRead
    sx1278.o(i.SX1278_SPIBurstRead) refers to sx1278.o(i.SX1278_hw_SetNSS) for SX1278_hw_SetNSS
    sx1278.o(i.SX1278_SPIBurstRead) refers to sx1278.o(i.SX1278_hw_SPICommand) for SX1278_hw_SPICommand
    sx1278.o(i.SX1278_SPIBurstRead) refers to sx1278.o(i.SX1278_hw_SPIReadByte) for SX1278_hw_SPIReadByte
    sx1278.o(i.SX1278_SPIBurstWrite) refers to sx1278.o(i.SX1278_hw_SetNSS) for SX1278_hw_SetNSS
    sx1278.o(i.SX1278_SPIBurstWrite) refers to sx1278.o(i.SX1278_hw_SPICommand) for SX1278_hw_SPICommand
    sx1278.o(i.SX1278_SPIRead) refers to sx1278.o(i.SX1278_hw_SPICommand) for SX1278_hw_SPICommand
    sx1278.o(i.SX1278_SPIRead) refers to sx1278.o(i.SX1278_hw_SPIReadByte) for SX1278_hw_SPIReadByte
    sx1278.o(i.SX1278_SPIRead) refers to sx1278.o(i.SX1278_hw_SetNSS) for SX1278_hw_SetNSS
[...]
    ../Drivers/STM32F1xx_HAL_Driver/Src/stm32f1xx_hal_adc_ex.c 0x00000000   Number         0  stm32f1xx_hal_adc_ex.o ABSOLUTE
    ../Drivers/STM32F1xx_HAL_Driver/Src/stm32f1xx_hal_cortex.c 0x00000000   Number         0  stm32f1xx_hal_cortex.o ABSOLUTE
    ../Drivers/STM32F1xx_HAL_Driver/Src/stm32f1xx_hal_dma.c 0x00000000   Number         0  stm32f1xx_hal_dma.o ABSOLUTE
    ../Drivers/STM32F1xx_HAL_Driver/Src/stm32f1xx_hal_exti.c 0x00000000   Number         0  stm32f1xx_hal_exti.o ABSOLUTE
    ../Drivers/STM32F1xx_HAL_Driver/Src/stm32f1xx_hal_flash.c 0x00000000   Number         0  stm32f1xx_hal_flash.o ABSOLUTE
    ../Drivers/STM32F1xx_HAL_Driver/Src/stm32f1xx_hal_flash_ex.c 0x00000000   Number         0  stm32f1xx_hal_flash_ex.o ABSOLUTE
    ../Drivers/STM32F1xx_HAL_Driver/Src/stm32f1xx_hal_gpio.c 0x00000000   Number         0  stm32f1xx_hal_gpio.o ABSOLUTE
    ../Drivers/STM32F1xx_HAL_Driver/Src/stm32f1xx_hal_gpio_ex.c 0x00000000   Number         0  stm32f1xx_hal_gpio_ex.o ABSOLUTE
    ../Drivers/STM32F1xx_HAL_Driver/Src/stm32f1xx_hal_i2c.c 0x00000000   Number         0  stm32f1xx_hal_i2c.o ABSOLUTE
    ../Drivers/STM32F1xx_HAL_Driver/Src/stm32f1xx_hal_pwr.c 0x00000000   Number         0  stm32f1xx_hal_pwr.o ABSOLUTE
    ../Drivers/STM32F1xx_HAL_Driver/Src/stm32f1xx_hal_rcc.c 0x00000000   Number         0  stm32f1xx_hal_rcc.o ABSOLUTE
    ../Drivers/STM32F1xx_HAL_Driver/Src/stm32f1xx_hal_rcc_ex.c 0x00000000   Number         0  stm32f1xx_hal_rcc_ex.o ABSOLUTE
    ../Drivers/STM32F1xx_HAL_Driver/Src/stm32f1xx_hal_spi.c 0x00000000   Number         0  stm32f1xx_hal_spi.o ABSOLUTE
    ../Drivers/STM32F1xx_HAL_Driver/Src/stm32f1xx_hal_tim.c 0x00000000   Number         0  stm32f1xx_hal_tim.o ABSOLUTE
    ../Drivers/STM32F1xx_HAL_Driver/Src/stm32f1xx_hal_tim_ex.c 0x00000000   Number         0  stm32f1xx_hal_tim_ex.o ABSOLUTE
    ../clib/microlib/division.c              0x00000000   Number         0  uldiv.o ABSOLUTE
    ../clib/microlib/division.c              0x00000000   Number         0  uidiv.o ABSOLUTE
    ../clib/microlib/init/entry.s            0x00000000   Number         0  entry9b.o ABSOLUTE
    ../clib/microlib/init/entry.s            0x00000000   Number         0  entry2.o ABSOLUTE
    ../clib/microlib/init/entry.s            0x00000000   Number         0  entry11b.o ABSOLUTE
    ../clib/microlib/init/entry.s            0x00000000   Number         0  entry7b.o ABSOLUTE
    ../clib/microlib/init/entry.s            0x00000000   Number         0  entry11a.o ABSOLUTE
    ../clib/microlib/init/entry.s            0x00000000   Number         0  entry10b.o ABSOLUTE
    ../clib/microlib/init/entry.s            0x00000000   Number         0  entry10a.o ABSOLUTE
    ../clib/microlib/init/entry.s            0x00000000   Number         0  entry.o ABSOLUTE
    ../clib/microlib/init/entry.s            0x00000000   Number         0  entry9a.o ABSOLUTE
    ../clib/microlib/init/entry.s            0x00000000   Number         0  entry8b.o ABSOLUTE
    ../clib/microlib/init/entry.s            0x00000000   Number         0  entry8a.o ABSOLUTE
    ../clib/microlib/init/entry.s            0x00000000   Number         0  entry7a.o ABSOLUTE
    ../clib/microlib/init/entry.s            0x00000000   Number         0  entry5.o ABSOLUTE
    ../clib/microlib/longlong.c              0x00000000   Number         0  llsshr.o ABSOLUTE
    ../clib/microlib/longlong.c              0x00000000   Number         0  llshl.o ABSOLUTE
    ../clib/microlib/longlong.c              0x00000000   Number         0  llushr.o ABSOLUTE
    ../clib/microlib/printf/printf.c         0x00000000   Number         0  printf1.o ABSOLUTE
    ../clib/microlib/printf/printf.c         0x00000000   Number         0  printf6.o ABSOLUTE
    ../clib/microlib/printf/printf.c         0x00000000   Number         0  printf5.o ABSOLUTE
    ../clib/microlib/printf/printf.c         0x00000000   Number         0  printfa.o ABSOLUTE
    ../clib/microlib/printf/printf.c         0x00000000   Number         0  printf4.o ABSOLUTE
    ../clib/microlib/printf/printf.c         0x00000000   Number         0  printf2.o ABSOLUTE
    ../clib/microlib/printf/printf.c         0x00000000   Number         0  printfb.o ABSOLUTE
    ../clib/microlib/printf/printf.c         0x00000000   Number         0  printf0.o ABSOLUTE
    ../clib/microlib/printf/printf.c         0x00000000   Number         0  printf8.o ABSOLUTE
    ../clib/microlib/printf/printf.c         0x00000000   Number         0  printf3.o ABSOLUTE
    ../clib/microlib/printf/printf.c         0x00000000   Number         0  printf7.o ABSOLUTE
    ../clib/microlib/printf/stubs.s          0x00000000   Number         0  stubs.o ABSOLUTE
    ../clib/microlib/stdio/fputc.c           0x00000000   Number         0  fputc.o ABSOLUTE
    ../clib/microlib/stdio/semi.s            0x00000000   Number         0  semi.o ABSOLUTE
    ../clib/microlib/stdio/streams.c         0x00000000   Number         0  stdout.o ABSOLUTE
    ../clib/microlib/string/memcpy.c         0x00000000   Number         0  memcpya.o ABSOLUTE
    ../clib/microlib/string/memcpy.c         0x00000000   Number         0  memcpyb.o ABSOLUTE
    ../clib/microlib/string/memset.c         0x00000000   Number         0  memseta.o ABSOLUTE
    ../clib/microlib/string/strlen.c         0x00000000   Number         0  strlen.o ABSOLUTE
    ../clib/microlib/stubs.s                 0x00000000   Number         0  iusesemip.o ABSOLUTE
    ../clib/microlib/stubs.s                 0x00000000   Number         0  iusefp.o ABSOLUTE
    ../fplib/microlib/fpadd.c                0x00000000   Number         0  dadd.o ABSOLUTE
    ../fplib/microlib/fpadd.c                0x00000000   Number         0  fadd.o ABSOLUTE
    ../fplib/microlib/fpdiv.c                0x00000000   Number         0  ddiv.o ABSOLUTE
    ../fplib/microlib/fpdiv.c                0x00000000   Number         0  fdiv.o ABSOLUTE
    ../fplib/microlib/fpepilogue.c           0x00000000   Number         0  depilogue.o ABSOLUTE
    ../fplib/microlib/fpepilogue.c           0x00000000   Number         0  fepilogue.o ABSOLUTE
    ../fplib/microlib/fpfix.c                0x00000000   Number         0  dfixul.o ABSOLUTE
    ../fplib/microlib/fpfix.c                0x00000000   Number         0  ffixui.o ABSOLUTE
    ../fplib/microlib/fpfix.c                0x00000000   Number         0  dfixui.o ABSOLUTE
    ../fplib/microlib/fpflt.c                0x00000000   Number         0  ffltui.o ABSOLUTE
    ../fplib/microlib/fpflt.c                0x00000000   Number         0  dfltui.o ABSOLUTE
    ../fplib/microlib/fpmul.c                0x00000000   Number         0  dmul.o ABSOLUTE
    ../fplib/microlib/fpmul.c                0x00000000   Number         0  fmul.o ABSOLUTE
    ../fplib/microlib/fpscalb.c              0x00000000   Number         0  dscalb.o ABSOLUTE
    ../fplib/microlib/fpscalb.c              0x00000000   Number         0  fscalb.o ABSOLUTE
    ..\Core\Src\SX1278.c                     0x00000000   Number         0  sx1278.o ABSOLUTE
    ..\Core\Src\adc.c                        0x00000000   Number         0  adc.o ABSOLUTE
    ..\Core\Src\fonts.c                      0x00000000   Number         0  fonts.o ABSOLUTE
    ..\Core\Src\gpio.c                       0x00000000   Number         0  gpio.o ABSOLUTE
    ..\Core\Src\i2c.c                        0x00000000   Number         0  i2c.o ABSOLUTE
    ..\Core\Src\main.c                       0x00000000   Number         0  main.o ABSOLUTE
    ..\Core\Src\spi.c                        0x00000000   Number         0  spi.o ABSOLUTE
    ..\Core\Src\ssd1306.c                    0x00000000   Number         0  ssd1306.o ABSOLUTE
    ..\Core\Src\stm32f1xx_hal_msp.c          0x00000000   Number         0  stm32f1xx_hal_msp.o ABSOLUTE
    ..\Core\Src\stm32f1xx_it.c               0x00000000   Number         0  stm32f1xx_it.o ABSOLUTE
    ..\Core\Src\system_stm32f1xx.c           0x00000000   Number         0  system_stm32f1xx.o ABSOLUTE
    ..\Core\Src\tim.c                        0x00000000   Number         0  tim.o ABSOLUTE
    ..\Drivers\STM32F1xx_HAL_Driver\Src\stm32f1xx_hal.c 0x00000000   Number         0  stm32f1xx_hal.o ABSOLUTE
    ..\Drivers\STM32F1xx_HAL_Driver\Src\stm32f1xx_hal_adc.c 0x00000000   Number         0  stm32f1xx_hal_adc.o ABSOLUTE
    ..\Drivers\STM32F1xx_HAL_Driver\Src\stm32f1xx_hal_adc_ex.c 0x00000000   Number         0  stm32f1xx_hal_adc_ex.o ABSOLUTE
    ..\Drivers\STM32F1xx_HAL_Driver\Src\stm32f1xx_hal_cortex.c 0x00000000   Number         0  stm32f1xx_hal_cortex.o ABSOLUTE
    ..\Drivers\STM32F1xx_HAL_Driver\Src\stm32f1xx_hal_dma.c 0x00000000   Number         0  stm32f1xx_hal_dma.o ABSOLUTE
    ..\Drivers\STM32F1xx_HAL_Driver\Src\stm32f1xx_hal_exti.c 0x00000000   Number         0  stm32f1xx_hal_exti.o ABSOLUTE
    ..\Drivers\STM32F1xx_HAL_Driver\Src\stm32f1xx_hal_flash.c 0x00000000   Number         0  stm32f1xx_hal_flash.o ABSOLUTE
    ..\Drivers\STM32F1xx_HAL_Driver\Src\stm32f1xx_hal_flash_ex.c 0x00000000   Number         0  stm32f1xx_hal_flash_ex.o ABSOLUTE
    ..\Drivers\STM32F1xx_HAL_Driver\Src\stm32f1xx_hal_gpio.c 0x00000000   Number         0  stm32f1xx_hal_gpio.o ABSOLUTE
    ..\Drivers\STM32F1xx_HAL_Driver\Src\stm32f1xx_hal_gpio_ex.c 0x00000000   Number         0  stm32f1xx_hal_gpio_ex.o ABSOLUTE
    ..\Drivers\STM32F1xx_HAL_Driver\Src\stm32f1xx_hal_i2c.c 0x00000000   Number         0  stm32f1xx_hal_i2c.o ABSOLUTE
    ..\Drivers\STM32F1xx_HAL_Driver\Src\stm32f1xx_hal_pwr.c 0x00000000   Number         0  stm32f1xx_hal_pwr.o ABSOLUTE
    ..\Drivers\STM32F1xx_HAL_Driver\Src\stm32f1xx_hal_rcc.c 0x00000000   Number         0  stm32f1xx_hal_rcc.o ABSOLUTE
    ..\Drivers\STM32F1xx_HAL_Driver\Src\stm32f1xx_hal_rcc_ex.c 0x00000000   Number         0  stm32f1xx_hal_rcc_ex.o ABSOLUTE
    ..\Drivers\STM32F1xx_HAL_Driver\Src\stm32f1xx_hal_spi.c 0x00000000   Number         0  stm32f1xx_hal_spi.o ABSOLUTE
    ..\Drivers\STM32F1xx_HAL_Driver\Src\stm32f1xx_hal_tim.c 0x00000000   Number         0  stm32f1xx_hal_tim.o ABSOLUTE
    ..\Drivers\STM32F1xx_HAL_Driver\Src\stm32f1xx_hal_tim_ex.c 0x00000000   Number         0  stm32f1xx_hal_tim_ex.o ABSOLUTE
    ..\\Core\\Src\\SX1278.c                  0x00000000   Number         0  sx1278.o ABSOLUTE
    ..\\Core\\Src\\fonts.c                   0x00000000   Number         0  fonts.o ABSOLUTE
    ..\\Core\\Src\\ssd1306.c                 0x00000000   Number         0  ssd1306.o ABSOLUTE
    cdrcmple.s                               0x00000000   Number         0  cdrcmple.o ABSOLUTE
    dc.s                                     0x00000000   Number         0  dc.o ABSOLUTE
    handlers.s                               0x00000000   Number         0  handlers.o ABSOLUTE
    init.s                                   0x00000000   Number         0  init.o ABSOLUTE
    startup_stm32f103xb.s                    0x00000000   Number         0  startup_stm32f103xb.o ABSOLUTE
    RESET                                    0x08000000   Section      236  startup_stm32f103xb.o(RESET)
    .ARM.Collect$$$$00000000                 0x080000ec   Section        0  entry.o(.ARM.Collect$$$$00000000)
    .ARM.Collect$$$$00000001                 0x080000ec   Section        4  entry2.o(.ARM.Collect$$$$00000001)
    .ARM.Collect$$$$00000004                 0x080000f0   Section        4  entry5.o(.ARM.Collect$$$$00000004)
    .ARM.Collect$$$$00000008                 0x080000f4   Section        0  entry7b.o(.ARM.Collect$$$$00000008)
    .ARM.Collect$$$$0000000A                 0x080000f4   Section        0  entry8b.o(.ARM.Collect$$$$0000000A)
    .ARM.Collect$$$$0000000B                 0x080000f4   Section        8  entry9a.o(.ARM.Collect$$$$0000000B)
    .ARM.Collect$$$$0000000D                 0x080000fc   Section        0  entry10a.o(.ARM.Collect$$$$0000000D)
    .ARM.Collect$$$$0000000F                 0x080000fc   Section        0  entry11a.o(.ARM.Collect$$$$0000000F)
    .ARM.Collect$$$$00002712                 0x080000fc   Section        4  entry2.o(.ARM.Collect$$$$00002712)
    __lit__00000000                          0x080000fc   Data           4  entry2.o(.ARM.Collect$$$$00002712)
    .text                                    0x08000100   Section       36  startup_stm32f103xb.o(.text)
    .text                                    0x08000124   Section        0  llushr.o(.text)
    .text                                    0x08000144   Section        0  memcpya.o(.text)
    .text                                    0x08000168   Section        0  memseta.o(.text)
    .text                                    0x0800018c   Section        0  fadd.o(.text)
    .text                                    0x0800023c   Section        0  fmul.o(.text)
    .text                                    0x080002a0   Section        0  fdiv.o(.text)
    .text                                    0x0800031c   Section        0  fscalb.o(.text)
    .text                                    0x08000334   Section        0  dadd.o(.text)
    .text                                    0x08000482   Section        0  dmul.o(.text)
    .text                                    0x08000566   Section        0  dscalb.o(.text)
    .text                                    0x08000594   Section        0  ffltui.o(.text)
    .text                                    0x0800059e   Section        0  dfltui.o(.text)
    .text                                    0x080005b8   Section        0  ffixui.o(.text)
    .text                                    0x080005e0   Section        0  dfixui.o(.text)
    .text                                    0x08000612   Section        0  uidiv.o(.text)
    .text                                    0x0800063e   Section        0  llshl.o(.text)
    .text                                    0x0800065c   Section        0  llsshr.o(.text)
    .text                                    0x08000680   Section        0  fepilogue.o(.text)
    .text                                    0x08000680   Section        0  iusefp.o(.text)
    .text                                    0x080006ee   Section        0  depilogue.o(.text)
    .text                                    0x080007a8   Section       36  init.o(.text)
    i.ADC_ConversionStop_Disable             0x080007cc   Section        0  stm32f1xx_hal_adc.o(i.ADC_ConversionStop_Disable)
    i.ADC_Enable                             0x08000818   Section        0  stm32f1xx_hal_adc.o(i.ADC_Enable)
    i.BusFault_Handler                       0x08000888   Section        0  stm32f1xx_it.o(i.BusFault_Handler)
    i.DS18B20_Read                           0x0800088c   Section        0  main.o(i.DS18B20_Read)
    i.DS18B20_Start                          0x080008f0   Section        0  main.o(i.DS18B20_Start)
    i.DS18B20_Write                          0x08000940   Section        0  main.o(i.DS18B20_Write)
    i.DebugMon_Handler                       0x080009b8   Section        0  stm32f1xx_it.o(i.DebugMon_Handler)
    i.EXTI2_IRQHandler                       0x080009bc   Section        0  stm32f1xx_it.o(i.EXTI2_IRQHandler)
    i.Error_Handler                          0x08000a00   Section        0  main.o(i.Error_Handler)
    i.HAL_ADC_ConfigChannel                  0x08000a04   Section        0  stm32f1xx_hal_adc.o(i.HAL_ADC_ConfigChannel)
    i.HAL_ADC_GetValue                       0x08000b00   Section        0  stm32f1xx_hal_adc.o(i.HAL_ADC_GetValue)
    i.HAL_ADC_Init                           0x08000b08   Section        0  stm32f1xx_hal_adc.o(i.HAL_ADC_Init)
    i.HAL_ADC_MspInit                        0x08000c24   Section        0  adc.o(i.HAL_ADC_MspInit)
    i.HAL_ADC_Start                          0x08000c7c   Section        0  stm32f1xx_hal_adc.o(i.HAL_ADC_Start)
    i.HAL_Delay                              0x08000d3c   Section        0  stm32f1xx_hal.o(i.HAL_Delay)
    i.HAL_GPIO_EXTI_Callback                 0x08000d60   Section        0  stm32f1xx_hal_gpio.o(i.HAL_GPIO_EXTI_Callback)
    i.HAL_GPIO_EXTI_IRQHandler               0x08000d64   Section        0  stm32f1xx_hal_gpio.o(i.HAL_GPIO_EXTI_IRQHandler)
    i.HAL_GPIO_Init                          0x08000d7c   Section        0  stm32f1xx_hal_gpio.o(i.HAL_GPIO_Init)
    i.HAL_GPIO_ReadPin                       0x08000f5c   Section        0  stm32f1xx_hal_gpio.o(i.HAL_GPIO_ReadPin)
    i.HAL_GPIO_WritePin                      0x08000f66   Section        0  stm32f1xx_hal_gpio.o(i.HAL_GPIO_WritePin)
    i.HAL_GetTick                            0x08000f70   Section        0  stm32f1xx_hal.o(i.HAL_GetTick)
    i.HAL_I2C_Init                           0x08000f7c   Section        0  stm32f1xx_hal_i2c.o(i.HAL_I2C_Init)
    i.HAL_I2C_IsDeviceReady                  0x08001104   Section        0  stm32f1xx_hal_i2c.o(i.HAL_I2C_IsDeviceReady)
    i.HAL_I2C_Master_Transmit                0x08001270   Section        0  stm32f1xx_hal_i2c.o(i.HAL_I2C_Master_Transmit)
    i.HAL_I2C_MspInit                        0x0800139c   Section        0  i2c.o(i.HAL_I2C_MspInit)
    i.HAL_IncTick                            0x080013f8   Section        0  stm32f1xx_hal.o(i.HAL_IncTick)
    i.HAL_Init                               0x08001408   Section        0  stm32f1xx_hal.o(i.HAL_Init)
    i.HAL_InitTick                           0x0800142c   Section        0  stm32f1xx_hal.o(i.HAL_InitTick)
    i.HAL_MspInit                            0x0800146c   Section        0  stm32f1xx_hal_msp.o(i.HAL_MspInit)
    i.HAL_NVIC_EnableIRQ                     0x080014a8   Section        0  stm32f1xx_hal_cortex.o(i.HAL_NVIC_EnableIRQ)
    i.HAL_NVIC_SetPriority                   0x080014c4   Section        0  stm32f1xx_hal_cortex.o(i.HAL_NVIC_SetPriority)
    i.HAL_NVIC_SetPriorityGrouping           0x08001504   Section        0  stm32f1xx_hal_cortex.o(i.HAL_NVIC_SetPriorityGrouping)
    i.HAL_PWR_EnterSLEEPMode                 0x08001528   Section        0  stm32f1xx_hal_pwr.o(i.HAL_PWR_EnterSLEEPMode)
    i.HAL_RCCEx_PeriphCLKConfig              0x08001548   Section        0  stm32f1xx_hal_rcc_ex.o(i.HAL_RCCEx_PeriphCLKConfig)
    i.HAL_RCC_ClockConfig                    0x08001634   Section        0  stm32f1xx_hal_rcc.o(i.HAL_RCC_ClockConfig)
    i.HAL_RCC_GetPCLK1Freq                   0x08001760   Section        0  stm32f1xx_hal_rcc.o(i.HAL_RCC_GetPCLK1Freq)
    i.HAL_RCC_GetSysClockFreq                0x08001780   Section        0  stm32f1xx_hal_rcc.o(i.HAL_RCC_GetSysClockFreq)
    i.HAL_RCC_OscConfig                      0x080017ec   Section        0  stm32f1xx_hal_rcc.o(i.HAL_RCC_OscConfig)
    i.HAL_ResumeTick                         0x08001b0c   Section        0  stm32f1xx_hal.o(i.HAL_ResumeTick)
    i.HAL_SPI_GetState                       0x08001b1a   Section        0  stm32f1xx_hal_spi.o(i.HAL_SPI_GetState)
    i.HAL_SPI_Init                           0x08001b20   Section        0  stm32f1xx_hal_spi.o(i.HAL_SPI_Init)
    i.HAL_SPI_MspInit                        0x08001bd4   Section        0  spi.o(i.HAL_SPI_MspInit)
    i.HAL_SPI_Transmit                       0x08001c44   Section        0  stm32f1xx_hal_spi.o(i.HAL_SPI_Transmit)
    i.HAL_SPI_TransmitReceive                0x08001daa   Section        0  stm32f1xx_hal_spi.o(i.HAL_SPI_TransmitReceive)
    i.HAL_SYSTICK_Config                     0x08001f8c   Section        0  stm32f1xx_hal_cortex.o(i.HAL_SYSTICK_Config)
    i.HAL_SuspendTick                        0x08001fb4   Section        0  stm32f1xx_hal.o(i.HAL_SuspendTick)
    i.HAL_TIMEx_BreakCallback                0x08001fc2   Section        0  stm32f1xx_hal_tim_ex.o(i.HAL_TIMEx_BreakCallback)
    i.HAL_TIMEx_CommutCallback               0x08001fc4   Section        0  stm32f1xx_hal_tim_ex.o(i.HAL_TIMEx_CommutCallback)
    i.HAL_TIMEx_MasterConfigSynchronization  0x08001fc8   Section        0  stm32f1xx_hal_tim_ex.o(i.HAL_TIMEx_MasterConfigSynchronization)
    i.HAL_TIM_Base_Init                      0x08002030   Section        0  stm32f1xx_hal_tim.o(i.HAL_TIM_Base_Init)
    i.HAL_TIM_Base_MspInit                   0x0800208c   Section        0  tim.o(i.HAL_TIM_Base_MspInit)
    i.HAL_TIM_ConfigClockSource              0x080020f4   Section        0  stm32f1xx_hal_tim.o(i.HAL_TIM_ConfigClockSource)
    i.HAL_TIM_IC_CaptureCallback             0x080021cc   Section        0  main.o(i.HAL_TIM_IC_CaptureCallback)
    i.HAL_TIM_IC_ConfigChannel               0x08002284   Section        0  stm32f1xx_hal_tim.o(i.HAL_TIM_IC_ConfigChannel)
    i.HAL_TIM_IC_Init                        0x08002392   Section        0  stm32f1xx_hal_tim.o(i.HAL_TIM_IC_Init)
    i.HAL_TIM_IC_MspInit                     0x080023ec   Section        0  stm32f1xx_hal_tim.o(i.HAL_TIM_IC_MspInit)
    i.HAL_TIM_IC_Start_IT                    0x080023f0   Section        0  stm32f1xx_hal_tim.o(i.HAL_TIM_IC_Start_IT)
    i.HAL_TIM_IRQHandler                     0x080024d0   Section        0  stm32f1xx_hal_tim.o(i.HAL_TIM_IRQHandler)
    i.HAL_TIM_OC_DelayElapsedCallback        0x08002636   Section        0  stm32f1xx_hal_tim.o(i.HAL_TIM_OC_DelayElapsedCallback)
    i.HAL_TIM_PWM_PulseFinishedCallback      0x08002638   Section        0  stm32f1xx_hal_tim.o(i.HAL_TIM_PWM_PulseFinishedCallback)
    i.HAL_TIM_PeriodElapsedCallback          0x0800263a   Section        0  stm32f1xx_hal_tim.o(i.HAL_TIM_PeriodElapsedCallback)
    i.HAL_TIM_ReadCapturedValue              0x0800263c   Section        0  stm32f1xx_hal_tim.o(i.HAL_TIM_ReadCapturedValue)
    i.HAL_TIM_TriggerCallback                0x08002666   Section        0  stm32f1xx_hal_tim.o(i.HAL_TIM_TriggerCallback)
    i.HardFault_Handler                      0x08002668   Section        0  stm32f1xx_it.o(i.HardFault_Handler)
    i.I2C_IsAcknowledgeFailed                0x0800266a   Section        0  stm32f1xx_hal_i2c.o(i.I2C_IsAcknowledgeFailed)
    I2C_IsAcknowledgeFailed                  0x0800266b   Thumb Code    46  stm32f1xx_hal_i2c.o(i.I2C_IsAcknowledgeFailed)
    i.I2C_MasterRequestWrite                 0x08002698   Section        0  stm32f1xx_hal_i2c.o(i.I2C_MasterRequestWrite)
    I2C_MasterRequestWrite                   0x08002699   Thumb Code   150  stm32f1xx_hal_i2c.o(i.I2C_MasterRequestWrite)
    i.I2C_WaitOnBTFFlagUntilTimeout          0x08002734   Section        0  stm32f1xx_hal_i2c.o(i.I2C_WaitOnBTFFlagUntilTimeout)
    I2C_WaitOnBTFFlagUntilTimeout            0x08002735   Thumb Code    76  stm32f1xx_hal_i2c.o(i.I2C_WaitOnBTFFlagUntilTimeout)
    i.I2C_WaitOnFlagUntilTimeout             0x08002780   Section        0  stm32f1xx_hal_i2c.o(i.I2C_WaitOnFlagUntilTimeout)
    I2C_WaitOnFlagUntilTimeout               0x08002781   Thumb Code   104  stm32f1xx_hal_i2c.o(i.I2C_WaitOnFlagUntilTimeout)
    i.I2C_WaitOnMasterAddressFlagUntilTimeout 0x080027e8   Section        0  stm32f1xx_hal_i2c.o(i.I2C_WaitOnMasterAddressFlagUntilTimeout)
    I2C_WaitOnMasterAddressFlagUntilTimeout  0x080027e9   Thumb Code   150  stm32f1xx_hal_i2c.o(i.I2C_WaitOnMasterAddressFlagUntilTimeout)
    i.I2C_WaitOnTXEFlagUntilTimeout          0x0800287e   Section        0  stm32f1xx_hal_i2c.o(i.I2C_WaitOnTXEFlagUntilTimeout)
    I2C_WaitOnTXEFlagUntilTimeout            0x0800287f   Thumb Code    76  stm32f1xx_hal_i2c.o(i.I2C_WaitOnTXEFlagUntilTimeout)
    i.MX_ADC1_Init                           0x080028cc   Section        0  adc.o(i.MX_ADC1_Init)
    i.MX_GPIO_Init                           0x0800291c   Section        0  gpio.o(i.MX_GPIO_Init)
    i.MX_I2C1_Init                           0x080029dc   Section        0  i2c.o(i.MX_I2C1_Init)
    i.MX_SPI1_Init                           0x08002a1c   Section        0  spi.o(i.MX_SPI1_Init)
    i.MX_TIM1_Init                           0x08002a64   Section        0  tim.o(i.MX_TIM1_Init)
    i.MemManage_Handler                      0x08002afc   Section        0  stm32f1xx_it.o(i.MemManage_Handler)
    i.NMI_Handler                            0x08002afe   Section        0  stm32f1xx_it.o(i.NMI_Handler)
    i.PendSV_Handler                         0x08002b00   Section        0  stm32f1xx_it.o(i.PendSV_Handler)
    i.Read_temp                              0x08002b04   Section        0  main.o(i.Read_temp)
    i.SPI_EndRxTxTransaction                 0x08002b6c   Section        0  stm32f1xx_hal_spi.o(i.SPI_EndRxTxTransaction)
    SPI_EndRxTxTransaction                   0x08002b6d   Thumb Code    32  stm32f1xx_hal_spi.o(i.SPI_EndRxTxTransaction)
    i.SPI_WaitFlagStateUntilTimeout          0x08002b8c   Section        0  stm32f1xx_hal_spi.o(i.SPI_WaitFlagStateUntilTimeout)
    SPI_WaitFlagStateUntilTimeout            0x08002b8d   Thumb Code   180  stm32f1xx_hal_spi.o(i.SPI_WaitFlagStateUntilTimeout)
    i.SSD1306_DrawPixel                      0x08002c44   Section        0  ssd1306.o(i.SSD1306_DrawPixel)
    i.SSD1306_Fill                           0x08002c84   Section        0  ssd1306.o(i.SSD1306_Fill)
    i.SSD1306_GotoXY                         0x08002c9c   Section        0  ssd1306.o(i.SSD1306_GotoXY)
    i.SSD1306_Init                           0x08002ca8   Section        0  ssd1306.o(i.SSD1306_Init)
    i.SSD1306_Putc                           0x08002e10   Section        0  ssd1306.o(i.SSD1306_Putc)
    i.SSD1306_Puts                           0x08002eb0   Section        0  ssd1306.o(i.SSD1306_Puts)
    i.SSD1306_UpdateScreen                   0x08002ed8   Section        0  ssd1306.o(i.SSD1306_UpdateScreen)
    i.SVC_Handler                            0x08002f20   Section        0  stm32f1xx_it.o(i.SVC_Handler)
    i.SX1278_LoRaEntryRx                     0x08002f22   Section        0  sx1278.o(i.SX1278_LoRaEntryRx)
    i.SX1278_LoRaEntryTx                     0x08002fba   Section        0  sx1278.o(i.SX1278_LoRaEntryTx)
    i.SX1278_LoRaRxPacket                    0x0800303a   Section        0  sx1278.o(i.SX1278_LoRaRxPacket)
    i.SX1278_LoRaTxPacket                    0x0800308a   Section        0  sx1278.o(i.SX1278_LoRaTxPacket)
    i.SX1278_SPIBurstRead                    0x080030e0   Section        0  sx1278.o(i.SX1278_SPIBurstRead)
    i.SX1278_SPIBurstWrite                   0x0800311e   Section        0  sx1278.o(i.SX1278_SPIBurstWrite)
    i.SX1278_SPIRead                         0x08003160   Section        0  sx1278.o(i.SX1278_SPIRead)
    i.SX1278_SPIWrite                        0x0800317e   Section        0  sx1278.o(i.SX1278_SPIWrite)
    i.SX1278_begin                           0x080031aa   Section        0  sx1278.o(i.SX1278_begin)
    i.SX1278_clearLoRaIrq                    0x080031d8   Section        0  sx1278.o(i.SX1278_clearLoRaIrq)
    i.SX1278_config                          0x080031e0   Section        0  sx1278.o(i.SX1278_config)
    i.SX1278_defaultConfig                   0x080032dc   Section        0  sx1278.o(i.SX1278_defaultConfig)
    i.SX1278_entryLoRa                       0x080032ee   Section        0  sx1278.o(i.SX1278_entryLoRa)
    i.SX1278_hw_DelayMs                      0x080032f6   Section        0  sx1278.o(i.SX1278_hw_DelayMs)
    i.SX1278_hw_GetDIO0                      0x080032fa   Section        0  sx1278.o(i.SX1278_hw_GetDIO0)
    i.SX1278_hw_Reset                        0x0800330e   Section        0  sx1278.o(i.SX1278_hw_Reset)
    i.SX1278_hw_SPICommand                   0x0800333e   Section        0  sx1278.o(i.SX1278_hw_SPICommand)
    i.SX1278_hw_SPIReadByte                  0x08003362   Section        0  sx1278.o(i.SX1278_hw_SPIReadByte)
    i.SX1278_hw_SetNSS                       0x0800339a   Section        0  sx1278.o(i.SX1278_hw_SetNSS)
    i.SX1278_hw_init                         0x080033ae   Section        0  sx1278.o(i.SX1278_hw_init)
    i.SX1278_read                            0x080033c8   Section        0  sx1278.o(i.SX1278_read)
    i.SX1278_sleep                           0x080033f2   Section        0  sx1278.o(i.SX1278_sleep)
    i.SX1278_standby                         0x08003404   Section        0  sx1278.o(i.SX1278_standby)
    i.Set_Pin_Input                          0x08003416   Section        0  main.o(i.Set_Pin_Input)
    i.Set_Pin_Output                         0x0800342c   Section        0  main.o(i.Set_Pin_Output)
    i.SysTick_Handler                        0x08003444   Section        0  stm32f1xx_it.o(i.SysTick_Handler)
    i.SystemClock_Config                     0x08003448   Section        0  main.o(i.SystemClock_Config)
    i.SystemInit                             0x080034a6   Section        0  system_stm32f1xx.o(i.SystemInit)
    i.TIM1_CC_IRQHandler                     0x080034a8   Section        0  stm32f1xx_it.o(i.TIM1_CC_IRQHandler)
    i.TIM_Base_SetConfig                     0x080034b4   Section        0  stm32f1xx_hal_tim.o(i.TIM_Base_SetConfig)
    i.TIM_CCxChannelCmd                      0x08003520   Section        0  stm32f1xx_hal_tim.o(i.TIM_CCxChannelCmd)
    i.TIM_ETR_SetConfig                      0x0800353a   Section        0  stm32f1xx_hal_tim.o(i.TIM_ETR_SetConfig)
    i.TIM_ITRx_SetConfig                     0x0800354e   Section        0  stm32f1xx_hal_tim.o(i.TIM_ITRx_SetConfig)
    TIM_ITRx_SetConfig                       0x0800354f   Thumb Code    16  stm32f1xx_hal_tim.o(i.TIM_ITRx_SetConfig)
    i.TIM_TI1_ConfigInputStage               0x0800355e   Section        0  stm32f1xx_hal_tim.o(i.TIM_TI1_ConfigInputStage)
    TIM_TI1_ConfigInputStage                 0x0800355f   Thumb Code    34  stm32f1xx_hal_tim.o(i.TIM_TI1_ConfigInputStage)
    i.TIM_TI1_SetConfig                      0x08003580   Section        0  stm32f1xx_hal_tim.o(i.TIM_TI1_SetConfig)
    i.TIM_TI2_ConfigInputStage               0x080035d8   Section        0  stm32f1xx_hal_tim.o(i.TIM_TI2_ConfigInputStage)
    TIM_TI2_ConfigInputStage                 0x080035d9   Thumb Code    36  stm32f1xx_hal_tim.o(i.TIM_TI2_ConfigInputStage)
    i.TIM_TI2_SetConfig                      0x080035fc   Section        0  stm32f1xx_hal_tim.o(i.TIM_TI2_SetConfig)
    TIM_TI2_SetConfig                        0x080035fd   Thumb Code    54  stm32f1xx_hal_tim.o(i.TIM_TI2_SetConfig)
    i.UsageFault_Handler                     0x08003632   Section        0  stm32f1xx_it.o(i.UsageFault_Handler)
    i.__0sprintf$6                           0x08003634   Section        0  printf6.o(i.__0sprintf$6)
    i.__NVIC_SetPriority                     0x0800365c   Section        0  stm32f1xx_hal_cortex.o(i.__NVIC_SetPriority)
    __NVIC_SetPriority                       0x0800365d   Thumb Code    32  stm32f1xx_hal_cortex.o(i.__NVIC_SetPriority)
    i.__scatterload_copy                     0x0800367c   Section       14  handlers.o(i.__scatterload_copy)
    i.__scatterload_null                     0x0800368a   Section        2  handlers.o(i.__scatterload_null)
    i.__scatterload_zeroinit                 0x0800368c   Section       14  handlers.o(i.__scatterload_zeroinit)
    i._printf_core                           0x0800369c   Section        0  printf6.o(i._printf_core)
    _printf_core                             0x0800369d   Thumb Code   748  printf6.o(i._printf_core)
    i._printf_post_padding                   0x0800398c   Section        0  printf6.o(i._printf_post_padding)
    _printf_post_padding                     0x0800398d   Thumb Code    36  printf6.o(i._printf_post_padding)
    i._printf_pre_padding                    0x080039b0   Section        0  printf6.o(i._printf_pre_padding)
    _printf_pre_padding                      0x080039b1   Thumb Code    46  printf6.o(i._printf_pre_padding)
    i._sputc                                 0x080039de   Section        0  printf6.o(i._sputc)
    _sputc                                   0x080039df   Thumb Code    10  printf6.o(i._sputc)
    i.delay_us                               0x080039e8   Section        0  main.o(i.delay_us)
    i.main                                   0x08003a00   Section        0  main.o(i.main)
    i.read_SR04                              0x08003de8   Section        0  main.o(i.read_SR04)
    i.ssd1306_I2C_Init                       0x08003e30   Section        0  ssd1306.o(i.ssd1306_I2C_Init)
    i.ssd1306_I2C_Write                      0x08003e3c   Section        0  ssd1306.o(i.ssd1306_I2C_Write)
    i.ssd1306_I2C_WriteMulti                 0x08003e5c   Section        0  ssd1306.o(i.ssd1306_I2C_WriteMulti)
    .constdata                               0x08003e94   Section       25  sx1278.o(.constdata)
    SX1278_Frequency                         0x08003e94   Data           3  sx1278.o(.constdata)
    SX1278_Power                             0x08003e97   Data           5  sx1278.o(.constdata)
    SX1278_SpreadFactor                      0x08003e9c   Data           7  sx1278.o(.constdata)
    SX1278_LoRaBandwidth                     0x08003ea3   Data          10  sx1278.o(.constdata)
    .constdata                               0x08003eae   Section     1900  fonts.o(.constdata)
    .constdata                               0x0800461a   Section       16  system_stm32f1xx.o(.constdata)
    .constdata                               0x0800462a   Section        8  system_stm32f1xx.o(.constdata)
    .data                                    0x20000000   Section        8  fonts.o(.data)
    .data                                    0x20000008   Section        6  ssd1306.o(.data)
    SSD1306                                  0x20000008   Data           6  ssd1306.o(.data)
    .data                                    0x20000010   Section       44  main.o(.data)
    .data                                    0x2000003c   Section        4  main.o(.data)
    .data                                    0x20000040   Section       12  stm32f1xx_hal.o(.data)
    .data                                    0x2000004c   Section        4  system_stm32f1xx.o(.data)
    .bss                                     0x20000050   Section     1024  ssd1306.o(.bss)
    SSD1306_Buffer                           0x20000050   Data        1024  ssd1306.o(.bss)
    .bss                                     0x20000450   Section      360  main.o(.bss)
    .bss                                     0x200005b8   Section       64  main.o(.bss)
    .bss                                     0x200005f8   Section       48  adc.o(.bss)
    .bss                                     0x20000628   Section       84  i2c.o(.bss)
    .bss                                     0x2000067c   Section       88  spi.o(.bss)
    .bss                                     0x200006d4   Section       72  tim.o(.bss)
    STACK                                    0x20000720   Section     1024  startup_stm32f103xb.o(STACK)

    Global Symbols

    Symbol Name                              Value     Ov Type        Size  Object(Section)

    BuildAttributes$$THM_ISAv4$P$D$K$B$S$PE$A:L22UL41UL21$X:L11$S22US41US21$IEEE1$IW$USESV6$~STKCKD$USESV7$~SHL$OTIME$ROPI$EBA8$MICROLIB$REQ8$PRES8$EABIv2 0x00000000   Number         0  anon$$obj.o ABSOLUTE
    __ARM_use_no_argv                        0x00000000   Number         0  main.o ABSOLUTE
    _printf_a                                0x00000000   Number         0  stubs.o ABSOLUTE
    _printf_c                                0x00000000   Number         0  stubs.o ABSOLUTE
    _printf_charcount                        0x00000000   Number         0  stubs.o ABSOLUTE
    _printf_d                                0x00000000   Number         0  stubs.o ABSOLUTE
    _printf_e                                0x00000000   Number         0  stubs.o ABSOLUTE
    _printf_f                                0x00000000   Number         0  stubs.o ABSOLUTE
    _printf_flags                            0x00000000   Number         0  stubs.o ABSOLUTE
    _printf_fp_dec                           0x00000000   Number         0  stubs.o ABSOLUTE
    _printf_fp_hex                           0x00000000   Number         0  stubs.o ABSOLUTE
    _printf_g                                0x00000000   Number         0  stubs.o ABSOLUTE
    _printf_i                                0x00000000   Number         0  stubs.o ABSOLUTE
    _printf_int_dec                          0x00000000   Number         0  stubs.o ABSOLUTE
    _printf_l                                0x00000000   Number         0  stubs.o ABSOLUTE
    _printf_lc                               0x00000000   Number         0  stubs.o ABSOLUTE
    _printf_ll                               0x00000000   Number         0  stubs.o ABSOLUTE
    _printf_lld                              0x00000000   Number         0  stubs.o ABSOLUTE
    _printf_lli                              0x00000000   Number         0  stubs.o ABSOLUTE
    _printf_llo                              0x00000000   Number         0  stubs.o ABSOLUTE
    _printf_llu                              0x00000000   Number         0  stubs.o ABSOLUTE
    _printf_llx                              0x00000000   Number         0  stubs.o ABSOLUTE
    _printf_longlong_dec                     0x00000000   Number         0  stubs.o ABSOLUTE
    _printf_longlong_hex                     0x00000000   Number         0  stubs.o ABSOLUTE
    _printf_longlong_oct                     0x00000000   Number         0  stubs.o ABSOLUTE
    _printf_ls                               0x00000000   Number         0  stubs.o ABSOLUTE
    _printf_mbtowc                           0x00000000   Number         0  stubs.o ABSOLUTE
    _printf_n                                0x00000000   Number         0  stubs.o ABSOLUTE
    _printf_o                                0x00000000   Number         0  stubs.o ABSOLUTE
    _printf_p                                0x00000000   Number         0  stubs.o ABSOLUTE
    _printf_percent                          0x00000000   Number         0  stubs.o ABSOLUTE
    _printf_pre_padding                      0x00000000   Number         0  stubs.o ABSOLUTE
    _printf_return_value                     0x00000000   Number         0  stubs.o ABSOLUTE
    _printf_s                                0x00000000   Number         0  stubs.o ABSOLUTE
    _printf_sizespec                         0x00000000   Number         0  stubs.o ABSOLUTE
    _printf_str                              0x00000000   Number         0  stubs.o ABSOLUTE
    _printf_truncate_signed                  0x00000000   Number         0  stubs.o ABSOLUTE
    _printf_truncate_unsigned                0x00000000   Number         0  stubs.o ABSOLUTE
    _printf_u                                0x00000000   Number         0  stubs.o ABSOLUTE
    _printf_wc                               0x00000000   Number         0  stubs.o ABSOLUTE
    _printf_wctomb                           0x00000000   Number         0  stubs.o ABSOLUTE
    _printf_widthprec                        0x00000000   Number         0  stubs.o ABSOLUTE
    _printf_x                                0x00000000   Number         0  stubs.o ABSOLUTE
    __cpp_initialize__aeabi_                  - Undefined Weak Reference
    __cxa_finalize                            - Undefined Weak Reference
    __decompress                              - Undefined Weak Reference
    _clock_init                               - Undefined Weak Reference
    _microlib_exit                            - Undefined Weak Reference
    __Vectors_Size                           0x000000ec   Number         0  startup_stm32f103xb.o ABSOLUTE
    __Vectors                                0x08000000   Data           4  startup_stm32f103xb.o(RESET)
    __Vectors_End                            0x080000ec   Data           0  startup_stm32f103xb.o(RESET)
    __main                                   0x080000ed   Thumb Code     0  entry.o(.ARM.Collect$$$$00000000)
    _main_stk                                0x080000ed   Thumb Code     0  entry2.o(.ARM.Collect$$$$00000001)
    _main_scatterload                        0x080000f1   Thumb Code     0  entry5.o(.ARM.Collect$$$$00000004)
    __main_after_scatterload                 0x080000f5   Thumb Code     0  entry5.o(.ARM.Collect$$$$00000004)
    _main_clock                              0x080000f5   Thumb Code     0  entry7b.o(.ARM.Collect$$$$00000008)
    _main_cpp_init                           0x080000f5   Thumb Code     0  entry8b.o(.ARM.Collect$$$$0000000A)
    _main_init                               0x080000f5   Thumb Code     0  entry9a.o(.ARM.Collect$$$$0000000B)
    __rt_final_cpp                           0x080000fd   Thumb Code     0  entry10a.o(.ARM.Collect$$$$0000000D)
    __rt_final_exit                          0x080000fd   Thumb Code     0  entry11a.o(.ARM.Collect$$$$0000000F)
    Reset_Handler                            0x08000101   Thumb Code     8  startup_stm32f103xb.o(.text)
    ADC1_2_IRQHandler                        0x0800011b   Thumb Code     0  startup_stm32f103xb.o(.text)
    CAN1_RX1_IRQHandler                      0x0800011b   Thumb Code     0  startup_stm32f103xb.o(.text)
    CAN1_SCE_IRQHandler                      0x0800011b   Thumb Code     0  startup_stm32f103xb.o(.text)
    DMA1_Channel1_IRQHandler                 0x0800011b   Thumb Code     0  startup_stm32f103xb.o(.text)
    DMA1_Channel2_IRQHandler                 0x0800011b   Thumb Code     0  startup_stm32f103xb.o(.text)
    DMA1_Channel3_IRQHandler                 0x0800011b   Thumb Code     0  startup_stm32f103xb.o(.text)
    DMA1_Channel4_IRQHandler                 0x0800011b   Thumb Code     0  startup_stm32f103xb.o(.text)
    DMA1_Channel5_IRQHandler                 0x0800011b   Thumb Code     0  startup_stm32f103xb.o(.text)
    DMA1_Channel6_IRQHandler                 0x0800011b   Thumb Code     0  startup_stm32f103xb.o(.text)
    DMA1_Channel7_IRQHandler                 0x0800011b   Thumb Code     0  startup_stm32f103xb.o(.text)
    EXTI0_IRQHandler                         0x0800011b   Thumb Code     0  startup_stm32f103xb.o(.text)
    EXTI15_10_IRQHandler                     0x0800011b   Thumb Code     0  startup_stm32f103xb.o(.text)
    EXTI1_IRQHandler                         0x0800011b   Thumb Code     0  startup_stm32f103xb.o(.text)
    EXTI3_IRQHandler                         0x0800011b   Thumb Code     0  startup_stm32f103xb.o(.text)
    EXTI4_IRQHandler                         0x0800011b   Thumb Code     0  startup_stm32f103xb.o(.text)
    EXTI9_5_IRQHandler                       0x0800011b   Thumb Code     0  startup_stm32f103xb.o(.text)
    FLASH_IRQHandler                         0x0800011b   Thumb Code     0  startup_stm32f103xb.o(.text)
    I2C1_ER_IRQHandler                       0x0800011b   Thumb Code     0  startup_stm32f103xb.o(.text)
    I2C1_EV_IRQHandler                       0x0800011b   Thumb Code     0  startup_stm32f103xb.o(.text)
    I2C2_ER_IRQHandler                       0x0800011b   Thumb Code     0  startup_stm32f103xb.o(.text)
    I2C2_EV_IRQHandler                       0x0800011b   Thumb Code     0  startup_stm32f103xb.o(.text)
    PVD_IRQHandler                           0x0800011b   Thumb Code     0  startup_stm32f103xb.o(.text)
    RCC_IRQHandler                           0x0800011b   Thumb Code     0  startup_stm32f103xb.o(.text)
    RTC_Alarm_IRQHandler                     0x0800011b   Thumb Code     0  startup_stm32f103xb.o(.text)
    RTC_IRQHandler                           0x0800011b   Thumb Code     0  startup_stm32f103xb.o(.text)
    SPI1_IRQHandler                          0x0800011b   Thumb Code     0  startup_stm32f103xb.o(.text)
    SPI2_IRQHandler                          0x0800011b   Thumb Code     0  startup_stm32f103xb.o(.text)
    TAMPER_IRQHandler                        0x0800011b   Thumb Code     0  startup_stm32f103xb.o(.text)
    TIM1_BRK_IRQHandler                      0x0800011b   Thumb Code     0  startup_stm32f103xb.o(.text)
    TIM1_TRG_COM_IRQHandler                  0x0800011b   Thumb Code     0  startup_stm32f103xb.o(.text)
    TIM1_UP_IRQHandler                       0x0800011b   Thumb Code     0  startup_stm32f103xb.o(.text)
    TIM2_IRQHandler                          0x0800011b   Thumb Code     0  startup_stm32f103xb.o(.text)
    TIM3_IRQHandler                          0x0800011b   Thumb Code     0  startup_stm32f103xb.o(.text)
    TIM4_IRQHandler                          0x0800011b   Thumb Code     0  startup_stm32f103xb.o(.text)
    USART1_IRQHandler                        0x0800011b   Thumb Code     0  startup_stm32f103xb.o(.text)
    USART2_IRQHandler                        0x0800011b   Thumb Code     0  startup_stm32f103xb.o(.text)
    USART3_IRQHandler                        0x0800011b   Thumb Code     0  startup_stm32f103xb.o(.text)
    USBWakeUp_IRQHandler                     0x0800011b   Thumb Code     0  startup_stm32f103xb.o(.text)
    USB_HP_CAN1_TX_IRQHandler                0x0800011b   Thumb Code     0  startup_stm32f103xb.o(.text)
    USB_LP_CAN1_RX0_IRQHandler               0x0800011b   Thumb Code     0  startup_stm32f103xb.o(.text)
    WWDG_IRQHandler                          0x0800011b   Thumb Code     0  startup_stm32f103xb.o(.text)
    __aeabi_llsr                             0x08000125   Thumb Code    32  llushr.o(.text)
    _ll_ushift_r                             0x08000125   Thumb Code     0  llushr.o(.text)
    __aeabi_memcpy                           0x08000145   Thumb Code    36  memcpya.o(.text)
    __aeabi_memcpy4                          0x08000145   Thumb Code     0  memcpya.o(.text)
    __aeabi_memcpy8                          0x08000145   Thumb Code     0  memcpya.o(.text)
    __aeabi_memset                           0x08000169   Thumb Code    14  memseta.o(.text)
    __aeabi_memset4                          0x08000169   Thumb Code     0  memseta.o(.text)
    __aeabi_memset8                          0x08000169   Thumb Code     0  memseta.o(.text)
    __aeabi_memclr                           0x08000177   Thumb Code     4  memseta.o(.text)
    __aeabi_memclr4                          0x08000177   Thumb Code     0  memseta.o(.text)
    __aeabi_memclr8                          0x08000177   Thumb Code     0  memseta.o(.text)
    _memset$wrapper                          0x0800017b   Thumb Code    18  memseta.o(.text)
    __aeabi_fadd                             0x0800018d   Thumb Code   164  fadd.o(.text)
    __aeabi_fsub                             0x08000231   Thumb Code     6  fadd.o(.text)
    __aeabi_frsub                            0x08000237   Thumb Code     6  fadd.o(.text)
    __aeabi_fmul                             0x0800023d   Thumb Code   100  fmul.o(.text)
    __aeabi_fdiv                             0x080002a1   Thumb Code   124  fdiv.o(.text)
    __ARM_scalbnf                            0x0800031d   Thumb Code    24  fscalb.o(.text)
    scalbnf                                  0x0800031d   Thumb Code     0  fscalb.o(.text)
    __aeabi_dadd                             0x08000335   Thumb Code   322  dadd.o(.text)
    __aeabi_dsub                             0x08000477   Thumb Code     6  dadd.o(.text)
    __aeabi_drsub                            0x0800047d   Thumb Code     6  dadd.o(.text)
    __aeabi_dmul                             0x08000483   Thumb Code   228  dmul.o(.text)
    __ARM_scalbn                             0x08000567   Thumb Code    46  dscalb.o(.text)
    scalbn                                   0x08000567   Thumb Code     0  dscalb.o(.text)
    __aeabi_ui2f                             0x08000595   Thumb Code    10  ffltui.o(.text)
    __aeabi_ui2d                             0x0800059f   Thumb Code    26  dfltui.o(.text)
    __aeabi_f2uiz                            0x080005b9   Thumb Code    40  ffixui.o(.text)
    __aeabi_d2uiz                            0x080005e1   Thumb Code    50  dfixui.o(.text)
    __aeabi_uidiv                            0x08000613   Thumb Code     0  uidiv.o(.text)
    __aeabi_uidivmod                         0x08000613   Thumb Code    44  uidiv.o(.text)
    __aeabi_llsl                             0x0800063f   Thumb Code    30  llshl.o(.text)
    _ll_shift_l                              0x0800063f   Thumb Code     0  llshl.o(.text)
    __aeabi_lasr                             0x0800065d   Thumb Code    36  llsshr.o(.text)
    _ll_sshift_r                             0x0800065d   Thumb Code     0  llsshr.o(.text)
    __I$use$fp                               0x08000681   Thumb Code     0  iusefp.o(.text)
    _float_round                             0x08000681   Thumb Code    18  fepilogue.o(.text)
    _float_epilogue                          0x08000693   Thumb Code    92  fepilogue.o(.text)
    _double_round                            0x080006ef   Thumb Code    30  depilogue.o(.text)
    _double_epilogue                         0x0800070d   Thumb Code   156  depilogue.o(.text)
    __scatterload                            0x080007a9   Thumb Code    28  init.o(.text)
    __scatterload_rt2                        0x080007a9   Thumb Code     0  init.o(.text)
    ADC_ConversionStop_Disable               0x080007cd   Thumb Code    76  stm32f1xx_hal_adc.o(i.ADC_ConversionStop_Disable)
    ADC_Enable                               0x08000819   Thumb Code   104  stm32f1xx_hal_adc.o(i.ADC_Enable)
    BusFault_Handler                         0x08000889   Thumb Code     2  stm32f1xx_it.o(i.BusFault_Handler)
    DS18B20_Read                             0x0800088d   Thumb Code    94  main.o(i.DS18B20_Read)
    DS18B20_Start                            0x080008f1   Thumb Code    76  main.o(i.DS18B20_Start)
    DS18B20_Write                            0x08000941   Thumb Code   114  main.o(i.DS18B20_Write)
    DebugMon_Handler                         0x080009b9   Thumb Code     2  stm32f1xx_it.o(i.DebugMon_Handler)
    EXTI2_IRQHandler                         0x080009bd   Thumb Code    50  stm32f1xx_it.o(i.EXTI2_IRQHandler)
    Error_Handler                            0x08000a01   Thumb Code     2  main.o(i.Error_Handler)
    HAL_ADC_ConfigChannel                    0x08000a05   Thumb Code   240  stm32f1xx_hal_adc.o(i.HAL_ADC_ConfigChannel)
    HAL_ADC_GetValue                         0x08000b01   Thumb Code     6  stm32f1xx_hal_adc.o(i.HAL_ADC_GetValue)
    HAL_ADC_Init                             0x08000b09   Thumb Code   272  stm32f1xx_hal_adc.o(i.HAL_ADC_Init)
    HAL_ADC_MspInit                          0x08000c25   Thumb Code    76  adc.o(i.HAL_ADC_MspInit)
    HAL_ADC_Start                            0x08000c7d   Thumb Code   184  stm32f1xx_hal_adc.o(i.HAL_ADC_Start)
    HAL_Delay                                0x08000d3d   Thumb Code    32  stm32f1xx_hal.o(i.HAL_Delay)
    HAL_GPIO_EXTI_Callback                   0x08000d61   Thumb Code     2  stm32f1xx_hal_gpio.o(i.HAL_GPIO_EXTI_Callback)
    HAL_GPIO_EXTI_IRQHandler                 0x08000d65   Thumb Code    18  stm32f1xx_hal_gpio.o(i.HAL_GPIO_EXTI_IRQHandler)
    HAL_GPIO_Init                            0x08000d7d   Thumb Code   446  stm32f1xx_hal_gpio.o(i.HAL_GPIO_Init)
    HAL_GPIO_ReadPin                         0x08000f5d   Thumb Code    10  stm32f1xx_hal_gpio.o(i.HAL_GPIO_ReadPin)
    HAL_GPIO_WritePin                        0x08000f67   Thumb Code    10  stm32f1xx_hal_gpio.o(i.HAL_GPIO_WritePin)
    HAL_GetTick                              0x08000f71   Thumb Code     6  stm32f1xx_hal.o(i.HAL_GetTick)
    HAL_I2C_Init                             0x08000f7d   Thumb Code   376  stm32f1xx_hal_i2c.o(i.HAL_I2C_Init)
    HAL_I2C_IsDeviceReady                    0x08001105   Thumb Code   354  stm32f1xx_hal_i2c.o(i.HAL_I2C_IsDeviceReady)
    HAL_I2C_Master_Transmit                  0x08001271   Thumb Code   290  stm32f1xx_hal_i2c.o(i.HAL_I2C_Master_Transmit)
    HAL_I2C_MspInit                          0x0800139d   Thumb Code    80  i2c.o(i.HAL_I2C_MspInit)
    HAL_IncTick                              0x080013f9   Thumb Code    12  stm32f1xx_hal.o(i.HAL_IncTick)
    HAL_Init                                 0x08001409   Thumb Code    32  stm32f1xx_hal.o(i.HAL_Init)
    HAL_InitTick                             0x0800142d   Thumb Code    54  stm32f1xx_hal.o(i.HAL_InitTick)
    HAL_MspInit                              0x0800146d   Thumb Code    52  stm32f1xx_hal_msp.o(i.HAL_MspInit)
    HAL_NVIC_EnableIRQ                       0x080014a9   Thumb Code    26  stm32f1xx_hal_cortex.o(i.HAL_NVIC_EnableIRQ)
    HAL_NVIC_SetPriority                     0x080014c5   Thumb Code    60  stm32f1xx_hal_cortex.o(i.HAL_NVIC_SetPriority)
    HAL_NVIC_SetPriorityGrouping             0x08001505   Thumb Code    26  stm32f1xx_hal_cortex.o(i.HAL_NVIC_SetPriorityGrouping)
    HAL_PWR_EnterSLEEPMode                   0x08001529   Thumb Code    26  stm32f1xx_hal_pwr.o(i.HAL_PWR_EnterSLEEPMode)
    HAL_RCCEx_PeriphCLKConfig                0x08001549   Thumb Code   224  stm32f1xx_hal_rcc_ex.o(i.HAL_RCCEx_PeriphCLKConfig)
    HAL_RCC_ClockConfig                      0x08001635   Thumb Code   280  stm32f1xx_hal_rcc.o(i.HAL_RCC_ClockConfig)
    HAL_RCC_GetPCLK1Freq                     0x08001761   Thumb Code    20  stm32f1xx_hal_rcc.o(i.HAL_RCC_GetPCLK1Freq)
    HAL_RCC_GetSysClockFreq                  0x08001781   Thumb Code    74  stm32f1xx_hal_rcc.o(i.HAL_RCC_GetSysClockFreq)
    HAL_RCC_OscConfig                        0x080017ed   Thumb Code   778  stm32f1xx_hal_rcc.o(i.HAL_RCC_OscConfig)
    HAL_ResumeTick                           0x08001b0d   Thumb Code    14  stm32f1xx_hal.o(i.HAL_ResumeTick)
    HAL_SPI_GetState                         0x08001b1b   Thumb Code     6  stm32f1xx_hal_spi.o(i.HAL_SPI_GetState)
    HAL_SPI_Init                             0x08001b21   Thumb Code   178  stm32f1xx_hal_spi.o(i.HAL_SPI_Init)
    HAL_SPI_MspInit                          0x08001bd5   Thumb Code    98  spi.o(i.HAL_SPI_MspInit)
    HAL_SPI_Transmit                         0x08001c45   Thumb Code   358  stm32f1xx_hal_spi.o(i.HAL_SPI_Transmit)
    HAL_SPI_TransmitReceive                  0x08001dab   Thumb Code   482  stm32f1xx_hal_spi.o(i.HAL_SPI_TransmitReceive)
    HAL_SYSTICK_Config                       0x08001f8d   Thumb Code    40  stm32f1xx_hal_cortex.o(i.HAL_SYSTICK_Config)
    HAL_SuspendTick                          0x08001fb5   Thumb Code    14  stm32f1xx_hal.o(i.HAL_SuspendTick)
    HAL_TIMEx_BreakCallback                  0x08001fc3   Thumb Code     2  stm32f1xx_hal_tim_ex.o(i.HAL_TIMEx_BreakCallback)
    HAL_TIMEx_CommutCallback                 0x08001fc5   Thumb Code     2  stm32f1xx_hal_tim_ex.o(i.HAL_TIMEx_CommutCallback)
    HAL_TIMEx_MasterConfigSynchronization    0x08001fc9   Thumb Code    92  stm32f1xx_hal_tim_ex.o(i.HAL_TIMEx_MasterConfigSynchronization)
    HAL_TIM_Base_Init                        0x08002031   Thumb Code    90  stm32f1xx_hal_tim.o(i.HAL_TIM_Base_Init)
    HAL_TIM_Base_MspInit                     0x0800208d   Thumb Code    90  tim.o(i.HAL_TIM_Base_MspInit)
    HAL_TIM_ConfigClockSource                0x080020f5   Thumb Code   214  stm32f1xx_hal_tim.o(i.HAL_TIM_ConfigClockSource)
    HAL_TIM_IC_CaptureCallback               0x080021cd   Thumb Code   162  main.o(i.HAL_TIM_IC_CaptureCallback)
    HAL_TIM_IC_ConfigChannel                 0x08002285   Thumb Code   270  stm32f1xx_hal_tim.o(i.HAL_TIM_IC_ConfigChannel)
    HAL_TIM_IC_Init                          0x08002393   Thumb Code    90  stm32f1xx_hal_tim.o(i.HAL_TIM_IC_Init)
    HAL_TIM_IC_MspInit                       0x080023ed   Thumb Code     2  stm32f1xx_hal_tim.o(i.HAL_TIM_IC_MspInit)
    HAL_TIM_IC_Start_IT                      0x080023f1   Thumb Code   212  stm32f1xx_hal_tim.o(i.HAL_TIM_IC_Start_IT)
    HAL_TIM_IRQHandler                       0x080024d1   Thumb Code   358  stm32f1xx_hal_tim.o(i.HAL_TIM_IRQHandler)
    HAL_TIM_OC_DelayElapsedCallback          0x08002637   Thumb Code     2  stm32f1xx_hal_tim.o(i.HAL_TIM_OC_DelayElapsedCallback)
    HAL_TIM_PWM_PulseFinishedCallback        0x08002639   Thumb Code     2  stm32f1xx_hal_tim.o(i.HAL_TIM_PWM_PulseFinishedCallback)
    HAL_TIM_PeriodElapsedCallback            0x0800263b   Thumb Code     2  stm32f1xx_hal_tim.o(i.HAL_TIM_PeriodElapsedCallback)
    HAL_TIM_ReadCapturedValue                0x0800263d   Thumb Code    42  stm32f1xx_hal_tim.o(i.HAL_TIM_ReadCapturedValue)
    HAL_TIM_TriggerCallback                  0x08002667   Thumb Code     2  stm32f1xx_hal_tim.o(i.HAL_TIM_TriggerCallback)
    HardFault_Handler                        0x08002669   Thumb Code     2  stm32f1xx_it.o(i.HardFault_Handler)
    MX_ADC1_Init                             0x080028cd   Thumb Code    70  adc.o(i.MX_ADC1_Init)
    MX_GPIO_Init                             0x0800291d   Thumb Code   174  gpio.o(i.MX_GPIO_Init)
    MX_I2C1_Init                             0x080029dd   Thumb Code    50  i2c.o(i.MX_I2C1_Init)
    MX_SPI1_Init                             0x08002a1d   Thumb Code    62  spi.o(i.MX_SPI1_Init)
    MX_TIM1_Init                             0x08002a65   Thumb Code   142  tim.o(i.MX_TIM1_Init)
    MemManage_Handler                        0x08002afd   Thumb Code     2  stm32f1xx_it.o(i.MemManage_Handler)
    NMI_Handler                              0x08002aff   Thumb Code     2  stm32f1xx_it.o(i.NMI_Handler)
    PendSV_Handler                           0x08002b01   Thumb Code     2  stm32f1xx_it.o(i.PendSV_Handler)
    Read_temp                                0x08002b05   Thumb Code    98  main.o(i.Read_temp)
    SSD1306_DrawPixel                        0x08002c45   Thumb Code    54  ssd1306.o(i.SSD1306_DrawPixel)
    SSD1306_Fill                             0x08002c85   Thumb Code    18  ssd1306.o(i.SSD1306_Fill)
    SSD1306_GotoXY                           0x08002c9d   Thumb Code     8  ssd1306.o(i.SSD1306_GotoXY)
    SSD1306_Init                             0x08002ca9   Thumb Code   350  ssd1306.o(i.SSD1306_Init)
    SSD1306_Putc                             0x08002e11   Thumb Code   156  ssd1306.o(i.SSD1306_Putc)
    SSD1306_Puts                             0x08002eb1   Thumb Code    40  ssd1306.o(i.SSD1306_Puts)
    SSD1306_UpdateScreen                     0x08002ed9   Thumb Code    66  ssd1306.o(i.SSD1306_UpdateScreen)
    SVC_Handler                              0x08002f21   Thumb Code     2  stm32f1xx_it.o(i.SVC_Handler)
    SX1278_LoRaEntryRx                       0x08002f23   Thumb Code   152  sx1278.o(i.SX1278_LoRaEntryRx)
    SX1278_LoRaEntryTx                       0x08002fbb   Thumb Code   128  sx1278.o(i.SX1278_LoRaEntryTx)
    SX1278_LoRaRxPacket                      0x0800303b   Thumb Code    80  sx1278.o(i.SX1278_LoRaRxPacket)
    SX1278_LoRaTxPacket                      0x0800308b   Thumb Code    86  sx1278.o(i.SX1278_LoRaTxPacket)
    SX1278_SPIBurstRead                      0x080030e1   Thumb Code    62  sx1278.o(i.SX1278_SPIBurstRead)
    SX1278_SPIBurstWrite                     0x0800311f   Thumb Code    66  sx1278.o(i.SX1278_SPIBurstWrite)
    SX1278_SPIRead                           0x08003161   Thumb Code    30  sx1278.o(i.SX1278_SPIRead)
    SX1278_SPIWrite                          0x0800317f   Thumb Code    44  sx1278.o(i.SX1278_SPIWrite)
    SX1278_begin                             0x080031ab   Thumb Code    46  sx1278.o(i.SX1278_begin)
    SX1278_clearLoRaIrq                      0x080031d9   Thumb Code     8  sx1278.o(i.SX1278_clearLoRaIrq)
    SX1278_config                            0x080031e1   Thumb Code   248  sx1278.o(i.SX1278_config)
    SX1278_defaultConfig                     0x080032dd   Thumb Code    18  sx1278.o(i.SX1278_defaultConfig)
    SX1278_entryLoRa                         0x080032ef   Thumb Code     8  sx1278.o(i.SX1278_entryLoRa)
    SX1278_hw_DelayMs                        0x080032f7   Thumb Code     4  sx1278.o(i.SX1278_hw_DelayMs)
    SX1278_hw_GetDIO0                        0x080032fb   Thumb Code    20  sx1278.o(i.SX1278_hw_GetDIO0)
    SX1278_hw_Reset                          0x0800330f   Thumb Code    48  sx1278.o(i.SX1278_hw_Reset)
    SX1278_hw_SPICommand                     0x0800333f   Thumb Code    36  sx1278.o(i.SX1278_hw_SPICommand)
    SX1278_hw_SPIReadByte                    0x08003363   Thumb Code    56  sx1278.o(i.SX1278_hw_SPIReadByte)
    SX1278_hw_SetNSS                         0x0800339b   Thumb Code    20  sx1278.o(i.SX1278_hw_SetNSS)
    SX1278_hw_init                           0x080033af   Thumb Code    26  sx1278.o(i.SX1278_hw_init)
    SX1278_read                              0x080033c9   Thumb Code    42  sx1278.o(i.SX1278_read)
    SX1278_sleep                             0x080033f3   Thumb Code    18  sx1278.o(i.SX1278_sleep)
    SX1278_standby                           0x08003405   Thumb Code    18  sx1278.o(i.SX1278_standby)
    Set_Pin_Input                            0x08003417   Thumb Code    22  main.o(i.Set_Pin_Input)
    Set_Pin_Output                           0x0800342d   Thumb Code    24  main.o(i.Set_Pin_Output)
    SysTick_Handler                          0x08003445   Thumb Code     4  stm32f1xx_it.o(i.SysTick_Handler)
    SystemClock_Config                       0x08003449   Thumb Code    94  main.o(i.SystemClock_Config)
    SystemInit                               0x080034a7   Thumb Code     2  system_stm32f1xx.o(i.SystemInit)
    TIM1_CC_IRQHandler                       0x080034a9   Thumb Code     6  stm32f1xx_it.o(i.TIM1_CC_IRQHandler)
    TIM_Base_SetConfig                       0x080034b5   Thumb Code    94  stm32f1xx_hal_tim.o(i.TIM_Base_SetConfig)
    TIM_CCxChannelCmd                        0x08003521   Thumb Code    26  stm32f1xx_hal_tim.o(i.TIM_CCxChannelCmd)
    TIM_ETR_SetConfig                        0x0800353b   Thumb Code    20  stm32f1xx_hal_tim.o(i.TIM_ETR_SetConfig)
    TIM_TI1_SetConfig                        0x08003581   Thumb Code    76  stm32f1xx_hal_tim.o(i.TIM_TI1_SetConfig)
    UsageFault_Handler                       0x08003633   Thumb Code     2  stm32f1xx_it.o(i.UsageFault_Handler)
    __0sprintf$6                             0x08003635   Thumb Code    34  printf6.o(i.__0sprintf$6)
    __1sprintf$6                             0x08003635   Thumb Code     0  printf6.o(i.__0sprintf$6)
    __2sprintf                               0x08003635   Thumb Code     0  printf6.o(i.__0sprintf$6)
    __scatterload_copy                       0x0800367d   Thumb Code    14  handlers.o(i.__scatterload_copy)
    __scatterload_null                       0x0800368b   Thumb Code     2  handlers.o(i.__scatterload_null)
    __scatterload_zeroinit                   0x0800368d   Thumb Code    14  handlers.o(i.__scatterload_zeroinit)
    delay_us                                 0x080039e9   Thumb Code    18  main.o(i.delay_us)
    main                                     0x08003a01   Thumb Code   902  main.o(i.main)
    read_SR04                                0x08003de9   Thumb Code    64  main.o(i.read_SR04)
    ssd1306_I2C_Init                         0x08003e31   Thumb Code     8  ssd1306.o(i.ssd1306_I2C_Init)
    ssd1306_I2C_Write                        0x08003e3d   Thumb Code    28  ssd1306.o(i.ssd1306_I2C_Write)
    ssd1306_I2C_WriteMulti                   0x08003e5d   Thumb Code    50  ssd1306.o(i.ssd1306_I2C_WriteMulti)
    Font7x10                                 0x08003eae   Data        1900  fonts.o(.constdata)
    AHBPrescTable                            0x0800461a   Data          16  system_stm32f1xx.o(.constdata)
    APBPrescTable                            0x0800462a   Data           8  system_stm32f1xx.o(.constdata)
    Region$$Table$$Base                      0x08004634   Number         0  anon$$obj.o(Region$$Table)
    Region$$Table$$Limit                     0x08004654   Number         0  anon$$obj.o(Region$$Table)
    Font_7x10                                0x20000000   Data           8  fonts.o(.data)
    is_fist_capture                          0x20000010   Data           1  main.o(.data)
    flag                                     0x20000011   Data           1  main.o(.data)
    Presence                                 0x20000012   Data           1  main.o(.data)
    Temp_byte1                               0x20000013   Data           1  main.o(.data)
    Temp_byte2                               0x20000014   Data           1  main.o(.data)
    Temperature                              0x20000015   Data           1  main.o(.data)
    Percent_humidity                         0x20000016   Data           1  main.o(.data)
    enable_sleep                             0x20000017   Data           1  main.o(.data)
    TEMP                                     0x20000018   Data           2  main.o(.data)
    time_reset                               0x2000001a   Data           2  main.o(.data)
    cap1                                     0x2000001c   Data           4  main.o(.data)
    cap2                                     0x20000020   Data           4  main.o(.data)
    diff                                     0x20000024   Data           4  main.o(.data)
    distance                                 0x20000028   Data           4  main.o(.data)
    ADC                                      0x2000002c   Data           4  main.o(.data)
    t                                        0x20000030   Data           4  main.o(.data)
    message_length                           0x20000034   Data           4  main.o(.data)
    ret_sent                                 0x20000038   Data           4  main.o(.data)
    ret                                      0x2000003c   Data           4  main.o(.data)
    uwTickFreq                               0x20000040   Data           1  stm32f1xx_hal.o(.data)
    uwTickPrio                               0x20000044   Data           4  stm32f1xx_hal.o(.data)
    uwTick                                   0x20000048   Data           4  stm32f1xx_hal.o(.data)
    SystemCoreClock                          0x2000004c   Data           4  system_stm32f1xx.o(.data)
    SX1278_hw                                0x20000450   Data          28  main.o(.bss)
    SX1278                                   0x2000046c   Data         268  main.o(.bss)
    buffsent                                 0x20000578   Data          64  main.o(.bss)
    buffer                                   0x200005b8   Data          64  main.o(.bss)
    hadc1                                    0x200005f8   Data          48  adc.o(.bss)
    hi2c1                                    0x20000628   Data          84  i2c.o(.bss)
    hspi1                                    0x2000067c   Data          88  spi.o(.bss)
    htim1                                    0x200006d4   Data          72  tim.o(.bss)
    __initial_sp                             0x20000b20   Data           0  startup_stm32f103xb.o(STACK)



==============================================================================

Memory Map of the image

  Image Entry point : 0x080000ed

  Load Region LR_IROM1 (Base: 0x08000000, Size: 0x000046a4, Max: 0x00010000, ABSOLUTE)

    Execution Region ER_IROM1 (Exec base: 0x08000000, Load base: 0x08000000, Size: 0x00004654, Max: 0x00010000, ABSOLUTE)

    Exec Addr    Load Addr    Size         Type   Attr      Idx    E Section Name        Object

    0x08000000   0x08000000   0x000000ec   Data   RO            3    RESET               startup_stm32f103xb.o
    0x080000ec   0x080000ec   0x00000000   Code   RO         4024  * .ARM.Collect$$$$00000000  mc_w.l(entry.o)
    0x080000ec   0x080000ec   0x00000004   Code   RO         4320    .ARM.Collect$$$$00000001  mc_w.l(entry2.o)
    0x080000f0   0x080000f0   0x00000004   Code   RO         4323    .ARM.Collect$$$$00000004  mc_w.l(entry5.o)
    0x080000f4   0x080000f4   0x00000000   Code   RO         4325    .ARM.Collect$$$$00000008  mc_w.l(entry7b.o)
    0x080000f4   0x080000f4   0x00000000   Code   RO         4327    .ARM.Collect$$$$0000000A  mc_w.l(entry8b.o)
    0x080000f4   0x080000f4   0x00000008   Code   RO         4328    .ARM.Collect$$$$0000000B  mc_w.l(entry9a.o)
    0x080000fc   0x080000fc   0x00000000   Code   RO         4330    .ARM.Collect$$$$0000000D  mc_w.l(entry10a.o)
    0x080000fc   0x080000fc   0x00000000   Code   RO         4332    .ARM.Collect$$$$0000000F  mc_w.l(entry11a.o)
    0x080000fc   0x080000fc   0x00000004   Code   RO         4321    .ARM.Collect$$$$00002712  mc_w.l(entry2.o)
    0x08000100   0x08000100   0x00000024   Code   RO            4    .text               startup_stm32f103xb.o
    0x08000124   0x08000124   0x00000020   Code   RO         4027    .text               mc_w.l(llushr.o)
    0x08000144   0x08000144   0x00000024   Code   RO         4029    .text               mc_w.l(memcpya.o)
    0x08000168   0x08000168   0x00000024   Code   RO         4031    .text               mc_w.l(memseta.o)
    0x0800018c   0x0800018c   0x000000b0   Code   RO         4298    .text               mf_w.l(fadd.o)
    0x0800023c   0x0800023c   0x00000064   Code   RO         4300    .text               mf_w.l(fmul.o)
    0x080002a0   0x080002a0   0x0000007c   Code   RO         4302    .text               mf_w.l(fdiv.o)
    0x0800031c   0x0800031c   0x00000018   Code   RO         4304    .text               mf_w.l(fscalb.o)
    0x08000334   0x08000334   0x0000014e   Code   RO         4306    .text               mf_w.l(dadd.o)
    0x08000482   0x08000482   0x000000e4   Code   RO         4308    .text               mf_w.l(dmul.o)
    0x08000566   0x08000566   0x0000002e   Code   RO         4310    .text               mf_w.l(dscalb.o)
    0x08000594   0x08000594   0x0000000a   Code   RO         4312    .text               mf_w.l(ffltui.o)
    0x0800059e   0x0800059e   0x0000001a   Code   RO         4314    .text               mf_w.l(dfltui.o)
    0x080005b8   0x080005b8   0x00000028   Code   RO         4316    .text               mf_w.l(ffixui.o)
    0x080005e0   0x080005e0   0x00000032   Code   RO         4318    .text               mf_w.l(dfixui.o)
    0x08000612   0x08000612   0x0000002c   Code   RO         4337    .text               mc_w.l(uidiv.o)
    0x0800063e   0x0800063e   0x0000001e   Code   RO         4341    .text               mc_w.l(llshl.o)
    0x0800065c   0x0800065c   0x00000024   Code   RO         4343    .text               mc_w.l(llsshr.o)
    0x08000680   0x08000680   0x00000000   Code   RO         4345    .text               mc_w.l(iusefp.o)
    0x08000680   0x08000680   0x0000006e   Code   RO         4346    .text               mf_w.l(fepilogue.o)
    0x080006ee   0x080006ee   0x000000ba   Code   RO         4348    .text               mf_w.l(depilogue.o)
    0x080007a8   0x080007a8   0x00000024   Code   RO         4356    .text               mc_w.l(init.o)
    0x080007cc   0x080007cc   0x0000004c   Code   RO         1016    i.ADC_ConversionStop_Disable  stm32f1xx_hal_adc.o
    0x08000818   0x08000818   0x00000070   Code   RO         1020    i.ADC_Enable        stm32f1xx_hal_adc.o
    0x08000888   0x08000888   0x00000002   Code   RO          868    i.BusFault_Handler  stm32f1xx_it.o
    0x0800088a   0x0800088a   0x00000002   PAD
    0x0800088c   0x0800088c   0x00000064   Code   RO          547    i.DS18B20_Read      main.o
    0x080008f0   0x080008f0   0x00000050   Code   RO          548    i.DS18B20_Start     main.o
    0x08000940   0x08000940   0x00000078   Code   RO          549    i.DS18B20_Write     main.o
    0x080009b8   0x080009b8   0x00000002   Code   RO          869    i.DebugMon_Handler  stm32f1xx_it.o
    0x080009ba   0x080009ba   0x00000002   PAD
    0x080009bc   0x080009bc   0x00000044   Code   RO          870    i.EXTI2_IRQHandler  stm32f1xx_it.o
    0x08000a00   0x08000a00   0x00000002   Code   RO          550    i.Error_Handler     main.o
    0x08000a02   0x08000a02   0x00000002   PAD
    0x08000a04   0x08000a04   0x000000fc   Code   RO         1022    i.HAL_ADC_ConfigChannel  stm32f1xx_hal_adc.o
    0x08000b00   0x08000b00   0x00000006   Code   RO         1029    i.HAL_ADC_GetValue  stm32f1xx_hal_adc.o
    0x08000b06   0x08000b06   0x00000002   PAD
    0x08000b08   0x08000b08   0x0000011c   Code   RO         1031    i.HAL_ADC_Init      stm32f1xx_hal_adc.o
    0x08000c24   0x08000c24   0x00000058   Code   RO          701    i.HAL_ADC_MspInit   adc.o
    0x08000c7c   0x08000c7c   0x000000c0   Code   RO         1037    i.HAL_ADC_Start     stm32f1xx_hal_adc.o
    0x08000d3c   0x08000d3c   0x00000024   Code   RO         1299    i.HAL_Delay         stm32f1xx_hal.o
    0x08000d60   0x08000d60   0x00000002   Code   RO         1605    i.HAL_GPIO_EXTI_Callback  stm32f1xx_hal_gpio.o
    0x08000d62   0x08000d62   0x00000002   PAD
    0x08000d64   0x08000d64   0x00000018   Code   RO         1606    i.HAL_GPIO_EXTI_IRQHandler  stm32f1xx_hal_gpio.o
    0x08000d7c   0x08000d7c   0x000001e0   Code   RO         1607    i.HAL_GPIO_Init     stm32f1xx_hal_gpio.o
    0x08000f5c   0x08000f5c   0x0000000a   Code   RO         1609    i.HAL_GPIO_ReadPin  stm32f1xx_hal_gpio.o
    0x08000f66   0x08000f66   0x0000000a   Code   RO         1611    i.HAL_GPIO_WritePin  stm32f1xx_hal_gpio.o
    0x08000f70   0x08000f70   0x0000000c   Code   RO         1303    i.HAL_GetTick       stm32f1xx_hal.o
    0x08000f7c   0x08000f7c   0x00000188   Code   RO         2278    i.HAL_I2C_Init      stm32f1xx_hal_i2c.o
    0x08001104   0x08001104   0x0000016c   Code   RO         2279    i.HAL_I2C_IsDeviceReady  stm32f1xx_hal_i2c.o
    0x08001270   0x08001270   0x0000012c   Code   RO         2291    i.HAL_I2C_Master_Transmit  stm32f1xx_hal_i2c.o
    0x0800139c   0x0800139c   0x0000005c   Code   RO          743    i.HAL_I2C_MspInit   i2c.o
    0x080013f8   0x080013f8   0x00000010   Code   RO         1309    i.HAL_IncTick       stm32f1xx_hal.o
    0x08001408   0x08001408   0x00000024   Code   RO         1310    i.HAL_Init          stm32f1xx_hal.o
    0x0800142c   0x0800142c   0x00000040   Code   RO         1311    i.HAL_InitTick      stm32f1xx_hal.o
    0x0800146c   0x0800146c   0x0000003c   Code   RO          956    i.HAL_MspInit       stm32f1xx_hal_msp.o
    0x080014a8   0x080014a8   0x0000001a   Code   RO         1767    i.HAL_NVIC_EnableIRQ  stm32f1xx_hal_cortex.o
    0x080014c2   0x080014c2   0x00000002   PAD
    0x080014c4   0x080014c4   0x00000040   Code   RO         1773    i.HAL_NVIC_SetPriority  stm32f1xx_hal_cortex.o
    0x08001504   0x08001504   0x00000024   Code   RO         1774    i.HAL_NVIC_SetPriorityGrouping  stm32f1xx_hal_cortex.o
    0x08001528   0x08001528   0x00000020   Code   RO         1894    i.HAL_PWR_EnterSLEEPMode  stm32f1xx_hal_pwr.o
    0x08001548   0x08001548   0x000000ec   Code   RO         1570    i.HAL_RCCEx_PeriphCLKConfig  stm32f1xx_hal_rcc_ex.o
    0x08001634   0x08001634   0x0000012c   Code   RO         1467    i.HAL_RCC_ClockConfig  stm32f1xx_hal_rcc.o
    0x08001760   0x08001760   0x00000020   Code   RO         1474    i.HAL_RCC_GetPCLK1Freq  stm32f1xx_hal_rcc.o
    0x08001780   0x08001780   0x0000006c   Code   RO         1476    i.HAL_RCC_GetSysClockFreq  stm32f1xx_hal_rcc.o
    0x080017ec   0x080017ec   0x00000320   Code   RO         1479    i.HAL_RCC_OscConfig  stm32f1xx_hal_rcc.o
    0x08001b0c   0x08001b0c   0x0000000e   Code   RO         1314    i.HAL_ResumeTick    stm32f1xx_hal.o
    0x08001b1a   0x08001b1a   0x00000006   Code   RO         2703    i.HAL_SPI_GetState  stm32f1xx_hal_spi.o
    0x08001b20   0x08001b20   0x000000b2   Code   RO         2705    i.HAL_SPI_Init      stm32f1xx_hal_spi.o
    0x08001bd2   0x08001bd2   0x00000002   PAD
    0x08001bd4   0x08001bd4   0x00000070   Code   RO          785    i.HAL_SPI_MspInit   spi.o
    0x08001c44   0x08001c44   0x00000166   Code   RO         2713    i.HAL_SPI_Transmit  stm32f1xx_hal_spi.o
    0x08001daa   0x08001daa   0x000001e2   Code   RO         2714    i.HAL_SPI_TransmitReceive  stm32f1xx_hal_spi.o
    0x08001f8c   0x08001f8c   0x00000028   Code   RO         1778    i.HAL_SYSTICK_Config  stm32f1xx_hal_cortex.o
    0x08001fb4   0x08001fb4   0x0000000e   Code   RO         1316    i.HAL_SuspendTick   stm32f1xx_hal.o
    0x08001fc2   0x08001fc2   0x00000002   Code   RO         3722    i.HAL_TIMEx_BreakCallback  stm32f1xx_hal_tim_ex.o
    0x08001fc4   0x08001fc4   0x00000002   Code   RO         3723    i.HAL_TIMEx_CommutCallback  stm32f1xx_hal_tim_ex.o
    0x08001fc6   0x08001fc6   0x00000002   PAD
    0x08001fc8   0x08001fc8   0x00000068   Code   RO         3741    i.HAL_TIMEx_MasterConfigSynchronization  stm32f1xx_hal_tim_ex.o
    0x08002030   0x08002030   0x0000005a   Code   RO         3018    i.HAL_TIM_Base_Init  stm32f1xx_hal_tim.o
    0x0800208a   0x0800208a   0x00000002   PAD
    0x0800208c   0x0800208c   0x00000068   Code   RO          827    i.HAL_TIM_Base_MspInit  tim.o
    0x080020f4   0x080020f4   0x000000d6   Code   RO         3027    i.HAL_TIM_ConfigClockSource  stm32f1xx_hal_tim.o
    0x080021ca   0x080021ca   0x00000002   PAD
    0x080021cc   0x080021cc   0x000000b8   Code   RO          551    i.HAL_TIM_IC_CaptureCallback  main.o
    0x08002284   0x08002284   0x0000010e   Code   RO         3054    i.HAL_TIM_IC_ConfigChannel  stm32f1xx_hal_tim.o
    0x08002392   0x08002392   0x0000005a   Code   RO         3057    i.HAL_TIM_IC_Init   stm32f1xx_hal_tim.o
    0x080023ec   0x080023ec   0x00000002   Code   RO         3059    i.HAL_TIM_IC_MspInit  stm32f1xx_hal_tim.o
    0x080023ee   0x080023ee   0x00000002   PAD
    0x080023f0   0x080023f0   0x000000e0   Code   RO         3062    i.HAL_TIM_IC_Start_IT  stm32f1xx_hal_tim.o
    0x080024d0   0x080024d0   0x00000166   Code   RO         3066    i.HAL_TIM_IRQHandler  stm32f1xx_hal_tim.o
    0x08002636   0x08002636   0x00000002   Code   RO         3069    i.HAL_TIM_OC_DelayElapsedCallback  stm32f1xx_hal_tim.o
    0x08002638   0x08002638   0x00000002   Code   RO         3096    i.HAL_TIM_PWM_PulseFinishedCallback  stm32f1xx_hal_tim.o
    0x0800263a   0x0800263a   0x00000002   Code   RO         3104    i.HAL_TIM_PeriodElapsedCallback  stm32f1xx_hal_tim.o
    0x0800263c   0x0800263c   0x0000002a   Code   RO         3106    i.HAL_TIM_ReadCapturedValue  stm32f1xx_hal_tim.o
    0x08002666   0x08002666   0x00000002   Code   RO         3109    i.HAL_TIM_TriggerCallback  stm32f1xx_hal_tim.o
    0x08002668   0x08002668   0x00000002   Code   RO          871    i.HardFault_Handler  stm32f1xx_it.o
    0x0800266a   0x0800266a   0x0000002e   Code   RO         2320    i.I2C_IsAcknowledgeFailed  stm32f1xx_hal_i2c.o
    0x08002698   0x08002698   0x0000009c   Code   RO         2324    i.I2C_MasterRequestWrite  stm32f1xx_hal_i2c.o
    0x08002734   0x08002734   0x0000004c   Code   RO         2334    i.I2C_WaitOnBTFFlagUntilTimeout  stm32f1xx_hal_i2c.o
    0x08002780   0x08002780   0x00000068   Code   RO         2335    i.I2C_WaitOnFlagUntilTimeout  stm32f1xx_hal_i2c.o
    0x080027e8   0x080027e8   0x00000096   Code   RO         2336    i.I2C_WaitOnMasterAddressFlagUntilTimeout  stm32f1xx_hal_i2c.o
    0x0800287e   0x0800287e   0x0000004c   Code   RO         2338    i.I2C_WaitOnTXEFlagUntilTimeout  stm32f1xx_hal_i2c.o
    0x080028ca   0x080028ca   0x00000002   PAD
    0x080028cc   0x080028cc   0x00000050   Code   RO          702    i.MX_ADC1_Init      adc.o
    0x0800291c   0x0800291c   0x000000c0   Code   RO          676    i.MX_GPIO_Init      gpio.o
    0x080029dc   0x080029dc   0x00000040   Code   RO          744    i.MX_I2C1_Init      i2c.o
    0x08002a1c   0x08002a1c   0x00000048   Code   RO          786    i.MX_SPI1_Init      spi.o
    0x08002a64   0x08002a64   0x00000098   Code   RO          828    i.MX_TIM1_Init      tim.o
    0x08002afc   0x08002afc   0x00000002   Code   RO          872    i.MemManage_Handler  stm32f1xx_it.o
    0x08002afe   0x08002afe   0x00000002   Code   RO          873    i.NMI_Handler       stm32f1xx_it.o
    0x08002b00   0x08002b00   0x00000002   Code   RO          874    i.PendSV_Handler    stm32f1xx_it.o
    0x08002b02   0x08002b02   0x00000002   PAD
    0x08002b04   0x08002b04   0x00000068   Code   RO          552    i.Read_temp         main.o
    0x08002b6c   0x08002b6c   0x00000020   Code   RO         2743    i.SPI_EndRxTxTransaction  stm32f1xx_hal_spi.o
    0x08002b8c   0x08002b8c   0x000000b8   Code   RO         2748    i.SPI_WaitFlagStateUntilTimeout  stm32f1xx_hal_spi.o
    0x08002c44   0x08002c44   0x00000040   Code   RO          357    i.SSD1306_DrawPixel  ssd1306.o
    0x08002c84   0x08002c84   0x00000018   Code   RO          360    i.SSD1306_Fill      ssd1306.o
    0x08002c9c   0x08002c9c   0x0000000c   Code   RO          361    i.SSD1306_GotoXY    ssd1306.o
    0x08002ca8   0x08002ca8   0x00000168   Code   RO          362    i.SSD1306_Init      ssd1306.o
    0x08002e10   0x08002e10   0x000000a0   Code   RO          366    i.SSD1306_Putc      ssd1306.o
    0x08002eb0   0x08002eb0   0x00000028   Code   RO          367    i.SSD1306_Puts      ssd1306.o
    0x08002ed8   0x08002ed8   0x00000048   Code   RO          374    i.SSD1306_UpdateScreen  ssd1306.o
    0x08002f20   0x08002f20   0x00000002   Code   RO          875    i.SVC_Handler       stm32f1xx_it.o
    0x08002f22   0x08002f22   0x00000098   Code   RO           13    i.SX1278_LoRaEntryRx  sx1278.o
    0x08002fba   0x08002fba   0x00000080   Code   RO           14    i.SX1278_LoRaEntryTx  sx1278.o
    0x0800303a   0x0800303a   0x00000050   Code   RO           15    i.SX1278_LoRaRxPacket  sx1278.o
    0x0800308a   0x0800308a   0x00000056   Code   RO           16    i.SX1278_LoRaTxPacket  sx1278.o
    0x080030e0   0x080030e0   0x0000003e   Code   RO           19    i.SX1278_SPIBurstRead  sx1278.o
    0x0800311e   0x0800311e   0x00000042   Code   RO           20    i.SX1278_SPIBurstWrite  sx1278.o
    0x08003160   0x08003160   0x0000001e   Code   RO           21    i.SX1278_SPIRead    sx1278.o
    0x0800317e   0x0800317e   0x0000002c   Code   RO           22    i.SX1278_SPIWrite   sx1278.o
    0x080031aa   0x080031aa   0x0000002e   Code   RO           24    i.SX1278_begin      sx1278.o
    0x080031d8   0x080031d8   0x00000008   Code   RO           25    i.SX1278_clearLoRaIrq  sx1278.o
    0x080031e0   0x080031e0   0x000000fc   Code   RO           26    i.SX1278_config     sx1278.o
    0x080032dc   0x080032dc   0x00000012   Code   RO           27    i.SX1278_defaultConfig  sx1278.o
    0x080032ee   0x080032ee   0x00000008   Code   RO           28    i.SX1278_entryLoRa  sx1278.o
    0x080032f6   0x080032f6   0x00000004   Code   RO           29    i.SX1278_hw_DelayMs  sx1278.o
    0x080032fa   0x080032fa   0x00000014   Code   RO           30    i.SX1278_hw_GetDIO0  sx1278.o
    0x0800330e   0x0800330e   0x00000030   Code   RO           31    i.SX1278_hw_Reset   sx1278.o
    0x0800333e   0x0800333e   0x00000024   Code   RO           32    i.SX1278_hw_SPICommand  sx1278.o
    0x08003362   0x08003362   0x00000038   Code   RO           33    i.SX1278_hw_SPIReadByte  sx1278.o
    0x0800339a   0x0800339a   0x00000014   Code   RO           34    i.SX1278_hw_SetNSS  sx1278.o
    0x080033ae   0x080033ae   0x0000001a   Code   RO           35    i.SX1278_hw_init    sx1278.o
    0x080033c8   0x080033c8   0x0000002a   Code   RO           36    i.SX1278_read       sx1278.o
    0x080033f2   0x080033f2   0x00000012   Code   RO           38    i.SX1278_sleep      sx1278.o
    0x08003404   0x08003404   0x00000012   Code   RO           39    i.SX1278_standby    sx1278.o
    0x08003416   0x08003416   0x00000016   Code   RO          553    i.Set_Pin_Input     main.o
    0x0800342c   0x0800342c   0x00000018   Code   RO          554    i.Set_Pin_Output    main.o
    0x08003444   0x08003444   0x00000004   Code   RO          876    i.SysTick_Handler   stm32f1xx_it.o
    0x08003448   0x08003448   0x0000005e   Code   RO          555    i.SystemClock_Config  main.o
    0x080034a6   0x080034a6   0x00000002   Code   RO         3990    i.SystemInit        system_stm32f1xx.o
    0x080034a8   0x080034a8   0x0000000c   Code   RO          877    i.TIM1_CC_IRQHandler  stm32f1xx_it.o
    0x080034b4   0x080034b4   0x0000006c   Code   RO         3111    i.TIM_Base_SetConfig  stm32f1xx_hal_tim.o
    0x08003520   0x08003520   0x0000001a   Code   RO         3112    i.TIM_CCxChannelCmd  stm32f1xx_hal_tim.o
    0x0800353a   0x0800353a   0x00000014   Code   RO         3122    i.TIM_ETR_SetConfig  stm32f1xx_hal_tim.o
    0x0800354e   0x0800354e   0x00000010   Code   RO         3123    i.TIM_ITRx_SetConfig  stm32f1xx_hal_tim.o
    0x0800355e   0x0800355e   0x00000022   Code   RO         3129    i.TIM_TI1_ConfigInputStage  stm32f1xx_hal_tim.o
    0x08003580   0x08003580   0x00000058   Code   RO         3130    i.TIM_TI1_SetConfig  stm32f1xx_hal_tim.o
    0x080035d8   0x080035d8   0x00000024   Code   RO         3131    i.TIM_TI2_ConfigInputStage  stm32f1xx_hal_tim.o
    0x080035fc   0x080035fc   0x00000036   Code   RO         3132    i.TIM_TI2_SetConfig  stm32f1xx_hal_tim.o
    0x08003632   0x08003632   0x00000002   Code   RO          878    i.UsageFault_Handler  stm32f1xx_it.o
    0x08003634   0x08003634   0x00000028   Code   RO         4194    i.__0sprintf$6      mc_w.l(printf6.o)
    0x0800365c   0x0800365c   0x00000020   Code   RO         1780    i.__NVIC_SetPriority  stm32f1xx_hal_cortex.o
    0x0800367c   0x0800367c   0x0000000e   Code   RO         4362    i.__scatterload_copy  mc_w.l(handlers.o)
    0x0800368a   0x0800368a   0x00000002   Code   RO         4363    i.__scatterload_null  mc_w.l(handlers.o)
    0x0800368c   0x0800368c   0x0000000e   Code   RO         4364    i.__scatterload_zeroinit  mc_w.l(handlers.o)
    0x0800369a   0x0800369a   0x00000002   PAD
    0x0800369c   0x0800369c   0x000002f0   Code   RO         4199    i._printf_core      mc_w.l(printf6.o)
    0x0800398c   0x0800398c   0x00000024   Code   RO         4200    i._printf_post_padding  mc_w.l(printf6.o)
    0x080039b0   0x080039b0   0x0000002e   Code   RO         4201    i._printf_pre_padding  mc_w.l(printf6.o)
    0x080039de   0x080039de   0x0000000a   Code   RO         4203    i._sputc            mc_w.l(printf6.o)
    0x080039e8   0x080039e8   0x00000018   Code   RO          557    i.delay_us          main.o
    0x08003a00   0x08003a00   0x000003e8   Code   RO          558    i.main              main.o
    0x08003de8   0x08003de8   0x00000048   Code   RO          559    i.read_SR04         main.o
    0x08003e30   0x08003e30   0x0000000c   Code   RO          375    i.ssd1306_I2C_Init  ssd1306.o
    0x08003e3c   0x08003e3c   0x00000020   Code   RO          376    i.ssd1306_I2C_Write  ssd1306.o
    0x08003e5c   0x08003e5c   0x00000038   Code   RO          377    i.ssd1306_I2C_WriteMulti  ssd1306.o
    0x08003e94   0x08003e94   0x00000019   Data   RO           41    .constdata          sx1278.o
    0x08003ead   0x08003ead   0x00000001   PAD
    0x08003eae   0x08003eae   0x0000076c   Data   RO          310    .constdata          fonts.o
    0x0800461a   0x0800461a   0x00000010   Data   RO         3991    .constdata          system_stm32f1xx.o
    0x0800462a   0x0800462a   0x00000008   Data   RO         3992    .constdata          system_stm32f1xx.o
    0x08004632   0x08004632   0x00000002   PAD
    0x08004634   0x08004634   0x00000020   Data   RO         4360    Region$$Table       anon$$obj.o


    Execution Region RW_IRAM1 (Exec base: 0x20000000, Load base: 0x08004654, Size: 0x00000b20, Max: 0x00005000, ABSOLUTE)

    Exec Addr    Load Addr    Size         Type   Attr      Idx    E Section Name        Object

    0x20000000   0x08004654   0x00000008   Data   RW          313    .data               fonts.o
    0x20000008   0x0800465c   0x00000006   Data   RW          379    .data               ssd1306.o
    0x2000000e   0x08004662   0x00000002   PAD
    0x20000010   0x08004664   0x0000002c   Data   RW          562    .data               main.o
    0x2000003c   0x08004690   0x00000004   Data   RW          569    .data               main.o
    0x20000040   0x08004694   0x0000000c   Data   RW         1317    .data               stm32f1xx_hal.o
    0x2000004c   0x080046a0   0x00000004   Data   RW         3993    .data               system_stm32f1xx.o
    0x20000050        -       0x00000400   Zero   RW          378    .bss                ssd1306.o
    0x20000450        -       0x00000168   Zero   RW          560    .bss                main.o
    0x200005b8        -       0x00000040   Zero   RW          561    .bss                main.o
    0x200005f8        -       0x00000030   Zero   RW          703    .bss                adc.o
    0x20000628        -       0x00000054   Zero   RW          745    .bss                i2c.o
    0x2000067c        -       0x00000058   Zero   RW          787    .bss                spi.o
    0x200006d4        -       0x00000048   Zero   RW          829    .bss                tim.o
    0x2000071c   0x080046a4   0x00000004   PAD
    0x20000720        -       0x00000400   Zero   RW            1    STACK               startup_stm32f103xb.o


==============================================================================

Image component sizes


      Code (inc. data)   RO Data    RW Data    ZI Data      Debug   Object Name

       168         22          0          0         48       1633   adc.o
         0          0       1900          8          0       1247   fonts.o
       192         18          0          0          0        943   gpio.o
       156         26          0          0         84       1621   i2c.o
      1826        156          0         48        424      13119   main.o
       184         24          0          0         88       1645   spi.o
       832         54          0          6       1024       8468   ssd1306.o
        36          8        236          0       1024        800   startup_stm32f103xb.o
       192         28          0         12          0       6868   stm32f1xx_hal.o
       922         40          0          0          0       5392   stm32f1xx_hal_adc.o
       198         14          0          0          0      28935   stm32f1xx_hal_cortex.o
       526         40          0          0          0       4619   stm32f1xx_hal_gpio.o
      1664         42          0          0          0      10297   stm32f1xx_hal_i2c.o
        60          8          0          0          0        866   stm32f1xx_hal_msp.o
        32          6          0          0          0        589   stm32f1xx_hal_pwr.o
      1240         88          0          0          0       4625   stm32f1xx_hal_rcc.o
       236         12          0          0          0       1380   stm32f1xx_hal_rcc_ex.o
      1240          4          0          0          0       6739   stm32f1xx_hal_spi.o
      1680         38          0          0          0      15068   stm32f1xx_hal_tim.o
       108         12          0          0          0       2369   stm32f1xx_hal_tim_ex.o
       100         24          0          0          0       4790   stm32f1xx_it.o
      1268          4         25          0          0     463346   sx1278.o
         2          0         24          4          0       1115   system_stm32f1xx.o
       256         24          0          0         72       1782   tim.o

    ----------------------------------------------------------------------
     13144        692       2220         80       2768     588256   Object Totals
         0          0         32          0          0          0   (incl. Generated)
        26          0          3          2          4          0   (incl. Padding)

    ----------------------------------------------------------------------

      Code (inc. data)   RO Data    RW Data    ZI Data      Debug   Library Member Name

         0          0          0          0          0          0   entry.o
         0          0          0          0          0          0   entry10a.o
         0          0          0          0          0          0   entry11a.o
         8          4          0          0          0          0   entry2.o
         4          0          0          0          0          0   entry5.o
         0          0          0          0          0          0   entry7b.o
         0          0          0          0          0          0   entry8b.o
         8          4          0          0          0          0   entry9a.o
        30          0          0          0          0          0   handlers.o
        36          8          0          0          0         68   init.o
         0          0          0          0          0          0   iusefp.o
        30          0          0          0          0         68   llshl.o
        36          0          0          0          0         68   llsshr.o
        32          0          0          0          0         68   llushr.o
        36          0          0          0          0         68   memcpya.o
        36          0          0          0          0        108   memseta.o
       884         10          0          0          0        420   printf6.o
        44          0          0          0          0         80   uidiv.o
       334          0          0          0          0        148   dadd.o
       186          0          0          0          0        176   depilogue.o
        50          0          0          0          0         76   dfixui.o
        26          0          0          0          0         76   dfltui.o
       228          0          0          0          0         96   dmul.o
        46          0          0          0          0         80   dscalb.o
       176          0          0          0          0        140   fadd.o
       124          0          0          0          0         88   fdiv.o
       110          0          0          0          0        168   fepilogue.o
        40          0          0          0          0         68   ffixui.o
        10          0          0          0          0         68   ffltui.o
       100          0          0          0          0         76   fmul.o
        24          0          0          0          0         68   fscalb.o

    ----------------------------------------------------------------------
      2640         26          0          0          0       2276   Library Totals
         2          0          0          0          0          0   (incl. Padding)

    ----------------------------------------------------------------------

      Code (inc. data)   RO Data    RW Data    ZI Data      Debug   Library Name

      1184         26          0          0          0        948   mc_w.l
      1454          0          0          0          0       1328   mf_w.l

    ----------------------------------------------------------------------
      2640         26          0          0          0       2276   Library Totals

    ----------------------------------------------------------------------

==============================================================================


      Code (inc. data)   RO Data    RW Data    ZI Data      Debug   

     15784        718       2220         80       2768     582728   Grand Totals
     15784        718       2220         80       2768     582728   ELF Image Totals
     15784        718       2220         80          0          0   ROM Totals

==============================================================================

    Total RO  Size (Code + RO Data)                18004 (  17.58kB)
    Total RW  Size (RW Data + ZI Data)              2848 (   2.78kB)
    Total ROM Size (Code + RO Data + RW Data)      18084 (  17.66kB)

==============================================================================

