<html>
<body>
<pre>
<h1>µVision Build Log</h1>
<h2>Tool Versions:</h2>
IDE-Version: µVision V5.27.1.0
Copyright (C) 2019 ARM Ltd and ARM Germany GmbH. All rights reserved.
License Information: ool olol, olol, LIC=----
 
Tool Versions:
Toolchain:       MDK-Lite  Version: 5.27.1.0
Toolchain Path:  C:\Keil_v5\ARM\ARMCC\Bin
C Compiler:      Armcc.exe V5.06 update 6 (build 750)
Assembler:       Armasm.exe V5.06 update 6 (build 750)
Linker/Locator:  ArmLink.exe V5.06 update 6 (build 750)
Library Manager: ArmAr.exe V5.06 update 6 (build 750)
Hex Converter:   FromElf.exe V5.06 update 6 (build 750)
CPU DLL:         SARMCM3.DLL V5.27.1.0
Dialog DLL:      DCM.DLL V1.17.2.0
Target DLL:      STLink\ST-LINKIII-KEIL_SWO.dll V3.0.6.0
Dialog DLL:      TCM.DLL V1.36.1.0
 
<h2>Project:</h2>
E:\Tai_Lieu\LUAN VAN\Code embeded\Node Sensor KelC\MDK-ARM\Ultrasoundsensor_stm32_LuanVan_pj.uvprojx
Project File Date:  12/24/2020

<h2>Output:</h2>
*** Using Compiler 'V5.06 update 6 (build 750)', folder: 'C:\Keil_v5\ARM\ARMCC\Bin'
Rebuild target 'Ultrasoundsensor_stm32_LuanVan_pj'
assembling startup_stm32f103xb.s...
compiling fonts.c...
compiling gpio.c...
compiling main.c...
../Core/Inc/ssd1306.h(238): warning:  #1295-D: Deprecated declaration ssd1306_I2C_Init - give arg types
  void ssd1306_I2C_Init();
../Core/Src/main.c(113): warning:  #188-D: enumerated type mixed with another type
  	HAL_GPIO_WritePin (DS18B20_PORT, DS18B20_PIN, 0);  // pull the pin low
../Core/Src/main.c(120): warning:  #68-D: integer conversion resulted in a change of sign
  	else Response = -1;
../Core/Src/main.c(139): warning:  #188-D: enumerated type mixed with another type
  			HAL_GPIO_WritePin (DS18B20_PORT, DS18B20_PIN, 0);  // pull the pin LOW
../Core/Src/main.c(151): warning:  #188-D: enumerated type mixed with another type
  			HAL_GPIO_WritePin (DS18B20_PORT, DS18B20_PIN, 0);  // pull the pin LOW
../Core/Src/main.c(169): warning:  #188-D: enumerated type mixed with another type
  		HAL_GPIO_WritePin (DS18B20_PORT, DS18B20_PIN, 0);  // pull the data pin LOW
../Core/Src/main.c(198): warning:  #940-D: missing return statement at end of non-void function "Read_temp" 
  }
../Core/Src/main.c(215): warning:  #1295-D: Deprecated declaration read_SR04 - give arg types
  void read_SR04();
../Core/Src/main.c(309): warning:  #188-D: enumerated type mixed with another type
  	  SSD1306_Puts ("Distance:", &Font_7x10, 1);  
../Core/Src/main.c(310): warning:  #188-D: enumerated type mixed with another type
  	  SSD1306_Puts (t, &Font_7x10, 1);
../Core/Src/main.c(311): warning:  #188-D: enumerated type mixed with another type
  		SSD1306_Puts ("           ", &Font_7x10, 1);
../Core/Src/main.c(316): warning:  #188-D: enumerated type mixed with another type
  	  SSD1306_Puts ("Temp:", &Font_7x10, 1);  
../Core/Src/main.c(317): warning:  #188-D: enumerated type mixed with another type
  	  SSD1306_Puts (temp_str, &Font_7x10, 1);
../Core/Src/main.c(324): warning:  #188-D: enumerated type mixed with another type
  			SSD1306_Puts ("Hump:", &Font_7x10, 1);  
../Core/Src/main.c(325): warning:  #188-D: enumerated type mixed with another type
  			SSD1306_Puts (humidity_str, &Font_7x10, 1);
../Core/Src/main.c(326): warning:  #188-D: enumerated type mixed with another type
  			SSD1306_Puts ("   ", &Font_7x10, 1);
../Core/Src/main.c(330): warning:  #188-D: enumerated type mixed with another type
  			SSD1306_Puts ("Hump:", &Font_7x10, 1);  
../Core/Src/main.c(331): warning:  #188-D: enumerated type mixed with another type
  			SSD1306_Puts (humidity_str, &Font_7x10, 1);
../Core/Src/main.c(338): warning:  #188-D: enumerated type mixed with another type
  	  SSD1306_Puts ("   ", &Font_7x10, 1);  
../Core/Src/main.c: 19 warnings, 0 errors
compiling SX1278.c...
compiling i2c.c...
compiling adc.c...
compiling ssd1306.c...
../Core/Inc/ssd1306.h(238): warning:  #1295-D: Deprecated declaration ssd1306_I2C_Init - give arg types
  void ssd1306_I2C_Init();
..\Core\Src\ssd1306.c(152): warning:  #188-D: enumerated type mixed with another type
              if(byte & 0x80) SSD1306_DrawPixel(x+i, y, color);
..\Core\Src\ssd1306.c(606): warning:  #188-D: enumerated type mixed with another type
  	SSD1306_Fill (0);
..\Core\Src\ssd1306.c: 3 warnings, 0 errors
compiling stm32f1xx_hal_adc_ex.c...
compiling spi.c...
compiling tim.c...
compiling stm32f1xx_it.c...
compiling stm32f1xx_hal_msp.c...
compiling stm32f1xx_hal_adc.c...
compiling stm32f1xx_hal_gpio_ex.c...
compiling stm32f1xx_hal.c...
compiling stm32f1xx_hal_flash.c...
compiling stm32f1xx_hal_pwr.c...
compiling stm32f1xx_hal_gpio.c...
compiling stm32f1xx_hal_rcc_ex.c...
compiling stm32f1xx_hal_dma.c...
compiling stm32f1xx_hal_cortex.c...
compiling stm32f1xx_hal_rcc.c...
compiling system_stm32f1xx.c...
compiling stm32f1xx_hal_exti.c...
compiling stm32f1xx_hal_flash_ex.c...
compiling stm32f1xx_hal_i2c.c...
compiling stm32f1xx_hal_tim_ex.c...
compiling stm32f1xx_hal_spi.c...
compiling stm32f1xx_hal_tim.c...
linking...
Program Size: Code=15656 RO-data=2220 RW-data=80 ZI-data=2840  
FromELF: creating hex file...
"Ultrasoundsensor_stm32_LuanVan_pj\Ultrasoundsensor_stm32_LuanVan_pj.axf" - 0 Error(s), 22 Warning(s).

<h2>Software Packages used:</h2>

Package Vendor: ARM
                http://www.keil.com/pack/ARM.CMSIS.5.5.1.pack
                ARM.CMSIS.5.5.1
                CMSIS (Cortex Microcontroller Software Interface Standard)
   * Component: CORE Version: 5.2.0

Package Vendor: Keil
                http://www.keil.com/pack/Keil.STM32F1xx_DFP.2.3.0.pack
                Keil.STM32F1xx_DFP.2.3.0
                STMicroelectronics STM32F1 Series Device Support, Drivers and Examples

<h2>Collection of Component include folders:</h2>
  .\RTE\_Ultrasoundsensor_stm32_LuanVan_pj
  C:\Users\User\AppData\Local\Arm\Packs\ARM\CMSIS\5.5.1\CMSIS\Core\Include
  C:\Users\User\AppData\Local\Arm\Packs\Keil\STM32F1xx_DFP\2.3.0\Device\Include

<h2>Collection of Component Files used:</h2>

   * Component: ARM::CMSIS:CORE:5.2.0
Build Time Elapsed:  00:00:21
</pre>
</body>
</html>
